Archive member included because of file (symbol)

/usr/local/CrossPack-AVR-20131216/lib/gcc/avr/4.8.1/avr5/libgcc.a(_exit.o)
                              /usr/local/CrossPack-AVR-20131216/lib/gcc/avr/4.8.1/../../../../avr/lib/avr5/crtm328p.o (exit)
/usr/local/CrossPack-AVR-20131216/lib/gcc/avr/4.8.1/avr5/libgcc.a(_clear_bss.o)
                              ./main.o (__do_clear_bss)
/usr/local/CrossPack-AVR-20131216/lib/gcc/avr/4.8.1/../../../../avr/lib/avr5/libm.a(cmpsf2.o)
                              ./main.o (__ltsf2)
/usr/local/CrossPack-AVR-20131216/lib/gcc/avr/4.8.1/../../../../avr/lib/avr5/libm.a(fixunssfsi.o)
                              ./main.o (__fixunssfsi)
/usr/local/CrossPack-AVR-20131216/lib/gcc/avr/4.8.1/../../../../avr/lib/avr5/libm.a(fp_cmp.o)
                              /usr/local/CrossPack-AVR-20131216/lib/gcc/avr/4.8.1/../../../../avr/lib/avr5/libm.a(cmpsf2.o) (__fp_cmp)
/usr/local/CrossPack-AVR-20131216/lib/gcc/avr/4.8.1/../../../../avr/lib/avr5/libm.a(fp_split3.o)
                              /usr/local/CrossPack-AVR-20131216/lib/gcc/avr/4.8.1/../../../../avr/lib/avr5/libm.a(fixunssfsi.o) (__fp_splitA)
/usr/local/CrossPack-AVR-20131216/lib/gcc/avr/4.8.1/../../../../avr/lib/avr5/libm.a(fp_zero.o)
                              /usr/local/CrossPack-AVR-20131216/lib/gcc/avr/4.8.1/../../../../avr/lib/avr5/libm.a(fixunssfsi.o) (__fp_zero)
/usr/local/CrossPack-AVR-20131216/lib/gcc/avr/4.8.1/../../../../avr/lib/avr5/libm.a(gesf2.o)
                              ./main.o (__gtsf2)
/usr/local/CrossPack-AVR-20131216/lib/gcc/avr/4.8.1/../../../../avr/lib/avr5/libm.a(mulsf3.o)
                              ./main.o (__mulsf3)
/usr/local/CrossPack-AVR-20131216/lib/gcc/avr/4.8.1/../../../../avr/lib/avr5/libm.a(mulsf3x.o)
                              /usr/local/CrossPack-AVR-20131216/lib/gcc/avr/4.8.1/../../../../avr/lib/avr5/libm.a(mulsf3.o) (__mulsf3x)
/usr/local/CrossPack-AVR-20131216/lib/gcc/avr/4.8.1/../../../../avr/lib/avr5/libm.a(fp_inf.o)
                              /usr/local/CrossPack-AVR-20131216/lib/gcc/avr/4.8.1/../../../../avr/lib/avr5/libm.a(mulsf3x.o) (__fp_inf)
/usr/local/CrossPack-AVR-20131216/lib/gcc/avr/4.8.1/../../../../avr/lib/avr5/libm.a(fp_nan.o)
                              /usr/local/CrossPack-AVR-20131216/lib/gcc/avr/4.8.1/../../../../avr/lib/avr5/libm.a(mulsf3x.o) (__fp_nan)
/usr/local/CrossPack-AVR-20131216/lib/gcc/avr/4.8.1/../../../../avr/lib/avr5/libm.a(fp_pscA.o)
                              /usr/local/CrossPack-AVR-20131216/lib/gcc/avr/4.8.1/../../../../avr/lib/avr5/libm.a(mulsf3x.o) (__fp_pscA)
/usr/local/CrossPack-AVR-20131216/lib/gcc/avr/4.8.1/../../../../avr/lib/avr5/libm.a(fp_pscB.o)
                              /usr/local/CrossPack-AVR-20131216/lib/gcc/avr/4.8.1/../../../../avr/lib/avr5/libm.a(mulsf3x.o) (__fp_pscB)
/usr/local/CrossPack-AVR-20131216/lib/gcc/avr/4.8.1/../../../../avr/lib/avr5/libm.a(fp_round.o)
                              /usr/local/CrossPack-AVR-20131216/lib/gcc/avr/4.8.1/../../../../avr/lib/avr5/libm.a(mulsf3.o) (__fp_round)

Allocating common symbols
Common symbol       size              file

watchdog_counter    0x1               ./main.o

Memory Configuration

Name             Origin             Length             Attributes
text             0x00000000         0x00020000         xr
data             0x00800060         0x0000ffa0         rw !x
eeprom           0x00810000         0x00010000         rw !x
fuse             0x00820000         0x00000400         rw !x
lock             0x00830000         0x00000400         rw !x
signature        0x00840000         0x00000400         rw !x
user_signatures  0x00850000         0x00000400         rw !x
*default*        0x00000000         0xffffffff

Linker script and memory map

Address of section .data set to 0x800100
LOAD /usr/local/CrossPack-AVR-20131216/lib/gcc/avr/4.8.1/../../../../avr/lib/avr5/crtm328p.o
LOAD ./main.o
START GROUP
LOAD /usr/local/CrossPack-AVR-20131216/lib/gcc/avr/4.8.1/avr5/libgcc.a
LOAD /usr/local/CrossPack-AVR-20131216/lib/gcc/avr/4.8.1/../../../../avr/lib/avr5/libm.a
LOAD /usr/local/CrossPack-AVR-20131216/lib/gcc/avr/4.8.1/../../../../avr/lib/avr5/libc.a
END GROUP

.hash
 *(.hash)

.dynsym
 *(.dynsym)

.dynstr
 *(.dynstr)

.gnu.version
 *(.gnu.version)

.gnu.version_d
 *(.gnu.version_d)

.gnu.version_r
 *(.gnu.version_r)

.rel.init
 *(.rel.init)

.rela.init
 *(.rela.init)

.rel.text
 *(.rel.text)
 *(.rel.text.*)
 *(.rel.gnu.linkonce.t*)

.rela.text
 *(.rela.text)
 *(.rela.text.*)
 *(.rela.gnu.linkonce.t*)

.rel.fini
 *(.rel.fini)

.rela.fini
 *(.rela.fini)

.rel.rodata
 *(.rel.rodata)
 *(.rel.rodata.*)
 *(.rel.gnu.linkonce.r*)

.rela.rodata
 *(.rela.rodata)
 *(.rela.rodata.*)
 *(.rela.gnu.linkonce.r*)

.rel.data
 *(.rel.data)
 *(.rel.data.*)
 *(.rel.gnu.linkonce.d*)

.rela.data
 *(.rela.data)
 *(.rela.data.*)
 *(.rela.gnu.linkonce.d*)

.rel.ctors
 *(.rel.ctors)

.rela.ctors
 *(.rela.ctors)

.rel.dtors
 *(.rel.dtors)

.rela.dtors
 *(.rela.dtors)

.rel.got
 *(.rel.got)

.rela.got
 *(.rela.got)

.rel.bss
 *(.rel.bss)

.rela.bss
 *(.rela.bss)

.rel.plt
 *(.rel.plt)

.rela.plt
 *(.rela.plt)

.text           0x00000000      0x5f4
 *(.vectors)
 .vectors       0x00000000       0x68 /usr/local/CrossPack-AVR-20131216/lib/gcc/avr/4.8.1/../../../../avr/lib/avr5/crtm328p.o
                0x00000000                __vectors
                0x00000000                __vector_default
 *(.vectors)
 *(.progmem.gcc*)
                0x00000068                . = ALIGN (0x2)
                0x00000068                __trampolines_start = .
 *(.trampolines)
 .trampolines   0x00000068        0x0 linker stubs
 *(.trampolines*)
                0x00000068                __trampolines_end = .
 *(.progmem*)
                0x00000068                . = ALIGN (0x2)
 *(.jumptables)
 *(.jumptables*)
 *(.lowtext)
 *(.lowtext*)
                0x00000068                __ctors_start = .
 *(.ctors)
                0x00000068                __ctors_end = .
                0x00000068                __dtors_start = .
 *(.dtors)
                0x00000068                __dtors_end = .
 SORT(*)(.ctors)
 SORT(*)(.dtors)
 *(.init0)
 .init0         0x00000068        0x0 /usr/local/CrossPack-AVR-20131216/lib/gcc/avr/4.8.1/../../../../avr/lib/avr5/crtm328p.o
                0x00000068                __init
 *(.init0)
 *(.init1)
 *(.init1)
 *(.init2)
 .init2         0x00000068        0xc /usr/local/CrossPack-AVR-20131216/lib/gcc/avr/4.8.1/../../../../avr/lib/avr5/crtm328p.o
 *(.init2)
 *(.init3)
 *(.init3)
 *(.init4)
 .init4         0x00000074       0x10 /usr/local/CrossPack-AVR-20131216/lib/gcc/avr/4.8.1/avr5/libgcc.a(_clear_bss.o)
                0x00000074                __do_clear_bss
 *(.init4)
 *(.init5)
 *(.init5)
 *(.init6)
 *(.init6)
 *(.init7)
 *(.init7)
 *(.init8)
 *(.init8)
 *(.init9)
 .init9         0x00000084        0x8 /usr/local/CrossPack-AVR-20131216/lib/gcc/avr/4.8.1/../../../../avr/lib/avr5/crtm328p.o
 *(.init9)
 *(.text)
 .text          0x0000008c        0x4 /usr/local/CrossPack-AVR-20131216/lib/gcc/avr/4.8.1/../../../../avr/lib/avr5/crtm328p.o
                0x0000008c                __vector_20
                0x0000008c                __vector_1
                0x0000008c                __vector_24
                0x0000008c                __vector_12
                0x0000008c                __bad_interrupt
                0x0000008c                __vector_3
                0x0000008c                __vector_23
                0x0000008c                __vector_25
                0x0000008c                __vector_11
                0x0000008c                __vector_13
                0x0000008c                __vector_17
                0x0000008c                __vector_19
                0x0000008c                __vector_7
                0x0000008c                __vector_5
                0x0000008c                __vector_4
                0x0000008c                __vector_9
                0x0000008c                __vector_2
                0x0000008c                __vector_21
                0x0000008c                __vector_15
                0x0000008c                __vector_8
                0x0000008c                __vector_14
                0x0000008c                __vector_10
                0x0000008c                __vector_16
                0x0000008c                __vector_18
                0x0000008c                __vector_22
 .text          0x00000090        0x0 ./main.o
 .text          0x00000090        0x0 /usr/local/CrossPack-AVR-20131216/lib/gcc/avr/4.8.1/avr5/libgcc.a(_exit.o)
 .text          0x00000090        0x0 /usr/local/CrossPack-AVR-20131216/lib/gcc/avr/4.8.1/avr5/libgcc.a(_clear_bss.o)
 .text          0x00000090        0x0 /usr/local/CrossPack-AVR-20131216/lib/gcc/avr/4.8.1/../../../../avr/lib/avr5/libm.a(cmpsf2.o)
 .text          0x00000090        0x0 /usr/local/CrossPack-AVR-20131216/lib/gcc/avr/4.8.1/../../../../avr/lib/avr5/libm.a(fixunssfsi.o)
 .text          0x00000090        0x0 /usr/local/CrossPack-AVR-20131216/lib/gcc/avr/4.8.1/../../../../avr/lib/avr5/libm.a(fp_cmp.o)
 .text          0x00000090        0x0 /usr/local/CrossPack-AVR-20131216/lib/gcc/avr/4.8.1/../../../../avr/lib/avr5/libm.a(fp_split3.o)
 .text          0x00000090        0x0 /usr/local/CrossPack-AVR-20131216/lib/gcc/avr/4.8.1/../../../../avr/lib/avr5/libm.a(fp_zero.o)
 .text          0x00000090        0x0 /usr/local/CrossPack-AVR-20131216/lib/gcc/avr/4.8.1/../../../../avr/lib/avr5/libm.a(gesf2.o)
 .text          0x00000090        0x0 /usr/local/CrossPack-AVR-20131216/lib/gcc/avr/4.8.1/../../../../avr/lib/avr5/libm.a(mulsf3.o)
 .text          0x00000090        0x0 /usr/local/CrossPack-AVR-20131216/lib/gcc/avr/4.8.1/../../../../avr/lib/avr5/libm.a(mulsf3x.o)
 .text          0x00000090        0x0 /usr/local/CrossPack-AVR-20131216/lib/gcc/avr/4.8.1/../../../../avr/lib/avr5/libm.a(fp_inf.o)
 .text          0x00000090        0x0 /usr/local/CrossPack-AVR-20131216/lib/gcc/avr/4.8.1/../../../../avr/lib/avr5/libm.a(fp_nan.o)
 .text          0x00000090        0x0 /usr/local/CrossPack-AVR-20131216/lib/gcc/avr/4.8.1/../../../../avr/lib/avr5/libm.a(fp_pscA.o)
 .text          0x00000090        0x0 /usr/local/CrossPack-AVR-20131216/lib/gcc/avr/4.8.1/../../../../avr/lib/avr5/libm.a(fp_pscB.o)
 .text          0x00000090        0x0 /usr/local/CrossPack-AVR-20131216/lib/gcc/avr/4.8.1/../../../../avr/lib/avr5/libm.a(fp_round.o)
                0x00000090                . = ALIGN (0x2)
 *(.text.*)
 .text.test_blink
                0x00000090      0x15e ./main.o
                0x00000090                test_blink
 .text.reset_pins
                0x000001ee       0x3e ./main.o
                0x000001ee                reset_pins
 .text.setup_watchdog
                0x0000022c       0x4a ./main.o
                0x0000022c                setup_watchdog
 .text.sleep_me
                0x00000276       0x84 ./main.o
                0x00000276                sleep_me
 .text.setup_init
                0x000002fa       0x34 ./main.o
                0x000002fa                setup_init
 .text.__vector_6
                0x0000032e       0x5a ./main.o
                0x0000032e                __vector_6
 .text.main     0x00000388       0x50 ./main.o
                0x00000388                main
 .text.libgcc.mul
                0x000003d8        0x0 /usr/local/CrossPack-AVR-20131216/lib/gcc/avr/4.8.1/avr5/libgcc.a(_exit.o)
 .text.libgcc.div
                0x000003d8        0x0 /usr/local/CrossPack-AVR-20131216/lib/gcc/avr/4.8.1/avr5/libgcc.a(_exit.o)
 .text.libgcc   0x000003d8        0x0 /usr/local/CrossPack-AVR-20131216/lib/gcc/avr/4.8.1/avr5/libgcc.a(_exit.o)
 .text.libgcc.prologue
                0x000003d8        0x0 /usr/local/CrossPack-AVR-20131216/lib/gcc/avr/4.8.1/avr5/libgcc.a(_exit.o)
 .text.libgcc.builtins
                0x000003d8        0x0 /usr/local/CrossPack-AVR-20131216/lib/gcc/avr/4.8.1/avr5/libgcc.a(_exit.o)
 .text.libgcc.fmul
                0x000003d8        0x0 /usr/local/CrossPack-AVR-20131216/lib/gcc/avr/4.8.1/avr5/libgcc.a(_exit.o)
 .text.libgcc.fixed
                0x000003d8        0x0 /usr/local/CrossPack-AVR-20131216/lib/gcc/avr/4.8.1/avr5/libgcc.a(_exit.o)
 .text.libgcc.mul
                0x000003d8        0x0 /usr/local/CrossPack-AVR-20131216/lib/gcc/avr/4.8.1/avr5/libgcc.a(_clear_bss.o)
 .text.libgcc.div
                0x000003d8        0x0 /usr/local/CrossPack-AVR-20131216/lib/gcc/avr/4.8.1/avr5/libgcc.a(_clear_bss.o)
 .text.libgcc   0x000003d8        0x0 /usr/local/CrossPack-AVR-20131216/lib/gcc/avr/4.8.1/avr5/libgcc.a(_clear_bss.o)
 .text.libgcc.prologue
                0x000003d8        0x0 /usr/local/CrossPack-AVR-20131216/lib/gcc/avr/4.8.1/avr5/libgcc.a(_clear_bss.o)
 .text.libgcc.builtins
                0x000003d8        0x0 /usr/local/CrossPack-AVR-20131216/lib/gcc/avr/4.8.1/avr5/libgcc.a(_clear_bss.o)
 .text.libgcc.fmul
                0x000003d8        0x0 /usr/local/CrossPack-AVR-20131216/lib/gcc/avr/4.8.1/avr5/libgcc.a(_clear_bss.o)
 .text.libgcc.fixed
                0x000003d8        0x0 /usr/local/CrossPack-AVR-20131216/lib/gcc/avr/4.8.1/avr5/libgcc.a(_clear_bss.o)
 .text.avr-libc.fplib
                0x000003d8        0x8 /usr/local/CrossPack-AVR-20131216/lib/gcc/avr/4.8.1/../../../../avr/lib/avr5/libm.a(cmpsf2.o)
                0x000003d8                __lesf2
                0x000003d8                __nesf2
                0x000003d8                __eqsf2
                0x000003d8                __cmpsf2
                0x000003d8                __ltsf2
 .text.avr-libc.fplib
                0x000003e0       0x58 /usr/local/CrossPack-AVR-20131216/lib/gcc/avr/4.8.1/../../../../avr/lib/avr5/libm.a(fixunssfsi.o)
                0x000003e0                __fixunssfsi
 .text.avr-libc.fplib
                0x00000438       0x48 /usr/local/CrossPack-AVR-20131216/lib/gcc/avr/4.8.1/../../../../avr/lib/avr5/libm.a(fp_cmp.o)
                0x00000438                __fp_cmp
 .text.avr-libc.fplib
                0x00000480       0x44 /usr/local/CrossPack-AVR-20131216/lib/gcc/avr/4.8.1/../../../../avr/lib/avr5/libm.a(fp_split3.o)
                0x00000480                __fp_split3
                0x00000490                __fp_splitA
 .text.avr-libc.fplib
                0x000004c4        0xe /usr/local/CrossPack-AVR-20131216/lib/gcc/avr/4.8.1/../../../../avr/lib/avr5/libm.a(fp_zero.o)
                0x000004c4                __fp_zero
                0x000004c6                __fp_szero
 .text.avr-libc.fplib
                0x000004d2        0x8 /usr/local/CrossPack-AVR-20131216/lib/gcc/avr/4.8.1/../../../../avr/lib/avr5/libm.a(gesf2.o)
                0x000004d2                __gtsf2
                0x000004d2                __gesf2
 .text.avr-libc.fplib
                0x000004da        0x4 /usr/local/CrossPack-AVR-20131216/lib/gcc/avr/4.8.1/../../../../avr/lib/avr5/libm.a(mulsf3.o)
                0x000004da                __mulsf3
 .text.avr-libc.fplib
                0x000004de       0xc2 /usr/local/CrossPack-AVR-20131216/lib/gcc/avr/4.8.1/../../../../avr/lib/avr5/libm.a(mulsf3x.o)
                0x000004f2                __mulsf3x
                0x000004f6                __mulsf3_pse
 .text.avr-libc.fplib
                0x000005a0        0xc /usr/local/CrossPack-AVR-20131216/lib/gcc/avr/4.8.1/../../../../avr/lib/avr5/libm.a(fp_inf.o)
                0x000005a0                __fp_inf
 .text.avr-libc.fplib
                0x000005ac        0x6 /usr/local/CrossPack-AVR-20131216/lib/gcc/avr/4.8.1/../../../../avr/lib/avr5/libm.a(fp_nan.o)
                0x000005ac                __fp_nan
 .text.avr-libc.fplib
                0x000005b2        0xe /usr/local/CrossPack-AVR-20131216/lib/gcc/avr/4.8.1/../../../../avr/lib/avr5/libm.a(fp_pscA.o)
                0x000005b2                __fp_pscA
 .text.avr-libc.fplib
                0x000005c0        0xe /usr/local/CrossPack-AVR-20131216/lib/gcc/avr/4.8.1/../../../../avr/lib/avr5/libm.a(fp_pscB.o)
                0x000005c0                __fp_pscB
 .text.avr-libc.fplib
                0x000005ce       0x22 /usr/local/CrossPack-AVR-20131216/lib/gcc/avr/4.8.1/../../../../avr/lib/avr5/libm.a(fp_round.o)
                0x000005ce                __fp_round
                0x000005f0                . = ALIGN (0x2)
 *(.fini9)
 .fini9         0x000005f0        0x0 /usr/local/CrossPack-AVR-20131216/lib/gcc/avr/4.8.1/avr5/libgcc.a(_exit.o)
                0x000005f0                exit
                0x000005f0                _exit
 *(.fini9)
 *(.fini8)
 *(.fini8)
 *(.fini7)
 *(.fini7)
 *(.fini6)
 *(.fini6)
 *(.fini5)
 *(.fini5)
 *(.fini4)
 *(.fini4)
 *(.fini3)
 *(.fini3)
 *(.fini2)
 *(.fini2)
 *(.fini1)
 *(.fini1)
 *(.fini0)
 .fini0         0x000005f0        0x4 /usr/local/CrossPack-AVR-20131216/lib/gcc/avr/4.8.1/avr5/libgcc.a(_exit.o)
 *(.fini0)
                0x000005f4                _etext = .

.data           0x00800100        0x0 load address 0x000005f4
                0x00800100                PROVIDE (__data_start, .)
 *(.data)
 .data          0x00800100        0x0 /usr/local/CrossPack-AVR-20131216/lib/gcc/avr/4.8.1/../../../../avr/lib/avr5/crtm328p.o
 .data          0x00800100        0x0 ./main.o
 .data          0x00800100        0x0 /usr/local/CrossPack-AVR-20131216/lib/gcc/avr/4.8.1/avr5/libgcc.a(_exit.o)
 .data          0x00800100        0x0 /usr/local/CrossPack-AVR-20131216/lib/gcc/avr/4.8.1/avr5/libgcc.a(_clear_bss.o)
 .data          0x00800100        0x0 /usr/local/CrossPack-AVR-20131216/lib/gcc/avr/4.8.1/../../../../avr/lib/avr5/libm.a(cmpsf2.o)
 .data          0x00800100        0x0 /usr/local/CrossPack-AVR-20131216/lib/gcc/avr/4.8.1/../../../../avr/lib/avr5/libm.a(fixunssfsi.o)
 .data          0x00800100        0x0 /usr/local/CrossPack-AVR-20131216/lib/gcc/avr/4.8.1/../../../../avr/lib/avr5/libm.a(fp_cmp.o)
 .data          0x00800100        0x0 /usr/local/CrossPack-AVR-20131216/lib/gcc/avr/4.8.1/../../../../avr/lib/avr5/libm.a(fp_split3.o)
 .data          0x00800100        0x0 /usr/local/CrossPack-AVR-20131216/lib/gcc/avr/4.8.1/../../../../avr/lib/avr5/libm.a(fp_zero.o)
 .data          0x00800100        0x0 /usr/local/CrossPack-AVR-20131216/lib/gcc/avr/4.8.1/../../../../avr/lib/avr5/libm.a(gesf2.o)
 .data          0x00800100        0x0 /usr/local/CrossPack-AVR-20131216/lib/gcc/avr/4.8.1/../../../../avr/lib/avr5/libm.a(mulsf3.o)
 .data          0x00800100        0x0 /usr/local/CrossPack-AVR-20131216/lib/gcc/avr/4.8.1/../../../../avr/lib/avr5/libm.a(mulsf3x.o)
 .data          0x00800100        0x0 /usr/local/CrossPack-AVR-20131216/lib/gcc/avr/4.8.1/../../../../avr/lib/avr5/libm.a(fp_inf.o)
 .data          0x00800100        0x0 /usr/local/CrossPack-AVR-20131216/lib/gcc/avr/4.8.1/../../../../avr/lib/avr5/libm.a(fp_nan.o)
 .data          0x00800100        0x0 /usr/local/CrossPack-AVR-20131216/lib/gcc/avr/4.8.1/../../../../avr/lib/avr5/libm.a(fp_pscA.o)
 .data          0x00800100        0x0 /usr/local/CrossPack-AVR-20131216/lib/gcc/avr/4.8.1/../../../../avr/lib/avr5/libm.a(fp_pscB.o)
 .data          0x00800100        0x0 /usr/local/CrossPack-AVR-20131216/lib/gcc/avr/4.8.1/../../../../avr/lib/avr5/libm.a(fp_round.o)
 *(.data*)
 *(.rodata)
 *(.rodata*)
 *(.gnu.linkonce.d*)
                0x00800100                . = ALIGN (0x2)
                0x00800100                _edata = .
                0x00800100                PROVIDE (__data_end, .)

.bss            0x00800100        0x1
                0x00800100                PROVIDE (__bss_start, .)
 *(.bss)
 .bss           0x00800100        0x0 /usr/local/CrossPack-AVR-20131216/lib/gcc/avr/4.8.1/../../../../avr/lib/avr5/crtm328p.o
 .bss           0x00800100        0x0 ./main.o
 .bss           0x00800100        0x0 /usr/local/CrossPack-AVR-20131216/lib/gcc/avr/4.8.1/avr5/libgcc.a(_exit.o)
 .bss           0x00800100        0x0 /usr/local/CrossPack-AVR-20131216/lib/gcc/avr/4.8.1/avr5/libgcc.a(_clear_bss.o)
 .bss           0x00800100        0x0 /usr/local/CrossPack-AVR-20131216/lib/gcc/avr/4.8.1/../../../../avr/lib/avr5/libm.a(cmpsf2.o)
 .bss           0x00800100        0x0 /usr/local/CrossPack-AVR-20131216/lib/gcc/avr/4.8.1/../../../../avr/lib/avr5/libm.a(fixunssfsi.o)
 .bss           0x00800100        0x0 /usr/local/CrossPack-AVR-20131216/lib/gcc/avr/4.8.1/../../../../avr/lib/avr5/libm.a(fp_cmp.o)
 .bss           0x00800100        0x0 /usr/local/CrossPack-AVR-20131216/lib/gcc/avr/4.8.1/../../../../avr/lib/avr5/libm.a(fp_split3.o)
 .bss           0x00800100        0x0 /usr/local/CrossPack-AVR-20131216/lib/gcc/avr/4.8.1/../../../../avr/lib/avr5/libm.a(fp_zero.o)
 .bss           0x00800100        0x0 /usr/local/CrossPack-AVR-20131216/lib/gcc/avr/4.8.1/../../../../avr/lib/avr5/libm.a(gesf2.o)
 .bss           0x00800100        0x0 /usr/local/CrossPack-AVR-20131216/lib/gcc/avr/4.8.1/../../../../avr/lib/avr5/libm.a(mulsf3.o)
 .bss           0x00800100        0x0 /usr/local/CrossPack-AVR-20131216/lib/gcc/avr/4.8.1/../../../../avr/lib/avr5/libm.a(mulsf3x.o)
 .bss           0x00800100        0x0 /usr/local/CrossPack-AVR-20131216/lib/gcc/avr/4.8.1/../../../../avr/lib/avr5/libm.a(fp_inf.o)
 .bss           0x00800100        0x0 /usr/local/CrossPack-AVR-20131216/lib/gcc/avr/4.8.1/../../../../avr/lib/avr5/libm.a(fp_nan.o)
 .bss           0x00800100        0x0 /usr/local/CrossPack-AVR-20131216/lib/gcc/avr/4.8.1/../../../../avr/lib/avr5/libm.a(fp_pscA.o)
 .bss           0x00800100        0x0 /usr/local/CrossPack-AVR-20131216/lib/gcc/avr/4.8.1/../../../../avr/lib/avr5/libm.a(fp_pscB.o)
 .bss           0x00800100        0x0 /usr/local/CrossPack-AVR-20131216/lib/gcc/avr/4.8.1/../../../../avr/lib/avr5/libm.a(fp_round.o)
 *(.bss*)
 *(COMMON)
 COMMON         0x00800100        0x1 ./main.o
                0x00800100                watchdog_counter
                0x00800101                PROVIDE (__bss_end, .)
                0x000005f4                __data_load_start = LOADADDR (.data)
                0x000005f4                __data_load_end = (__data_load_start + SIZEOF (.data))

.noinit         0x00800101        0x0
                0x00800101                PROVIDE (__noinit_start, .)
 *(.noinit*)
                0x00800101                PROVIDE (__noinit_end, .)
                0x00800101                _end = .
                0x00800101                PROVIDE (__heap_start, .)

.eeprom         0x00810000        0x0
 *(.eeprom*)
                0x00810000                __eeprom_end = .

.fuse
 *(.fuse)
 *(.lfuse)
 *(.hfuse)
 *(.efuse)

.lock
 *(.lock*)

.signature
 *(.signature*)

.user_signatures
 *(.user_signatures*)

.stab           0x00000000      0x864
 *(.stab)
 .stab          0x00000000      0x864 ./main.o

.stabstr        0x00000000      0xce3
 *(.stabstr)
 .stabstr       0x00000000      0xce3 ./main.o

.stab.excl
 *(.stab.excl)

.stab.exclstr
 *(.stab.exclstr)

.stab.index
 *(.stab.index)

.stab.indexstr
 *(.stab.indexstr)

.comment        0x00000000       0x11
 *(.comment)
 .comment       0x00000000       0x11 ./main.o
                                 0x12 (size before relaxing)

.debug
 *(.debug)

.line
 *(.line)

.debug_srcinfo
 *(.debug_srcinfo)

.debug_sfnames
 *(.debug_sfnames)

.debug_aranges  0x00000000       0x40
 *(.debug_aranges)
 .debug_aranges
                0x00000000       0x20 /usr/local/CrossPack-AVR-20131216/lib/gcc/avr/4.8.1/avr5/libgcc.a(_exit.o)
 .debug_aranges
                0x00000020       0x20 /usr/local/CrossPack-AVR-20131216/lib/gcc/avr/4.8.1/avr5/libgcc.a(_clear_bss.o)

.debug_pubnames
 *(.debug_pubnames)

.debug_info     0x00000000      0x17c
 *(.debug_info)
 .debug_info    0x00000000       0xbe /usr/local/CrossPack-AVR-20131216/lib/gcc/avr/4.8.1/avr5/libgcc.a(_exit.o)
 .debug_info    0x000000be       0xbe /usr/local/CrossPack-AVR-20131216/lib/gcc/avr/4.8.1/avr5/libgcc.a(_clear_bss.o)
 *(.gnu.linkonce.wi.*)

.debug_abbrev   0x00000000       0x28
 *(.debug_abbrev)
 .debug_abbrev  0x00000000       0x14 /usr/local/CrossPack-AVR-20131216/lib/gcc/avr/4.8.1/avr5/libgcc.a(_exit.o)
 .debug_abbrev  0x00000014       0x14 /usr/local/CrossPack-AVR-20131216/lib/gcc/avr/4.8.1/avr5/libgcc.a(_clear_bss.o)

.debug_line     0x00000000       0xb6
 *(.debug_line)
 .debug_line    0x00000000       0x58 /usr/local/CrossPack-AVR-20131216/lib/gcc/avr/4.8.1/avr5/libgcc.a(_exit.o)
 .debug_line    0x00000058       0x5e /usr/local/CrossPack-AVR-20131216/lib/gcc/avr/4.8.1/avr5/libgcc.a(_clear_bss.o)

.debug_frame
 *(.debug_frame)

.debug_str
 *(.debug_str)

.debug_loc
 *(.debug_loc)

.debug_macinfo
 *(.debug_macinfo)

.debug_pubtypes
 *(.debug_pubtypes)

.debug_ranges
 *(.debug_ranges)

.debug_macro
 *(.debug_macro)
OUTPUT(only_watchdo.elf elf32-avr)
LOAD linker stubs
