Archive member included because of file (symbol)

c:/program files (x86)/atmel/atmel toolchain/avr8 gcc/native/3.4.1061/avr8-gnu-toolchain/bin/../lib/gcc/avr/4.8.1/avr5\libgcc.a(_exit.o)
                              c:/program files (x86)/atmel/atmel toolchain/avr8 gcc/native/3.4.1061/avr8-gnu-toolchain/bin/../lib/gcc/avr/4.8.1/../../../../avr/lib/avr5/crtm328p.o (exit)
c:/program files (x86)/atmel/atmel toolchain/avr8 gcc/native/3.4.1061/avr8-gnu-toolchain/bin/../lib/gcc/avr/4.8.1/avr5\libgcc.a(_copy_data.o)
                              led_screen/led_screen.o (__do_copy_data)
c:/program files (x86)/atmel/atmel toolchain/avr8 gcc/native/3.4.1061/avr8-gnu-toolchain/bin/../lib/gcc/avr/4.8.1/avr5\libgcc.a(_clear_bss.o)
                              misc/misc.o (__do_clear_bss)

Allocating common symbols
Common symbol       size              file

leg                 0x1               misc/misc.o
PTX                 0x1               nrf/nrf.o
btn_prssed          0x1               misc/misc.o
data                0x2               rx/nrf_ping_RX.o
count               0x2               rx/nrf_ping_RX.o
btn_last            0x1               misc/misc.o
pin                 0x1               misc/misc.o

Discarded input sections

 .data          0x00000000        0x0 c:/program files (x86)/atmel/atmel toolchain/avr8 gcc/native/3.4.1061/avr8-gnu-toolchain/bin/../lib/gcc/avr/4.8.1/../../../../avr/lib/avr5/crtm328p.o
 .bss           0x00000000        0x0 c:/program files (x86)/atmel/atmel toolchain/avr8 gcc/native/3.4.1061/avr8-gnu-toolchain/bin/../lib/gcc/avr/4.8.1/../../../../avr/lib/avr5/crtm328p.o
 .text          0x00000000        0x0 led_screen/led_screen.o
 .data          0x00000000        0x0 led_screen/led_screen.o
 .bss           0x00000000        0x0 led_screen/led_screen.o
 .data.led_pn   0x00000000        0x4 led_screen/led_screen.o
 .text          0x00000000        0x0 main.o
 .data          0x00000000        0x0 main.o
 .bss           0x00000000        0x0 main.o
 .text          0x00000000        0x0 misc/misc.o
 .data          0x00000000        0x0 misc/misc.o
 .bss           0x00000000        0x0 misc/misc.o
 .text.check_button_click
                0x00000000       0x46 misc/misc.o
 .text          0x00000000        0x0 nrf/nrf.o
 .data          0x00000000        0x0 nrf/nrf.o
 .bss           0x00000000        0x0 nrf/nrf.o
 .text.nrf_set_RADDR
                0x00000000       0x10 nrf/nrf.o
 .text.nrf_set_TADDR
                0x00000000        0xc nrf/nrf.o
 .text.nrf_config_register
                0x00000000        0xc nrf/nrf.o
 .text.nrf_send_raw
                0x00000000       0xb0 nrf/nrf.o
 .text          0x00000000        0x0 nrf/nrf_operations.o
 .data          0x00000000        0x0 nrf/nrf_operations.o
 .bss           0x00000000        0x0 nrf/nrf_operations.o
 .text.nrf_send
                0x00000000       0x46 nrf/nrf_operations.o
 .text          0x00000000        0x0 rx/nrf_ping_RX.o
 .data          0x00000000        0x0 rx/nrf_ping_RX.o
 .bss           0x00000000        0x0 rx/nrf_ping_RX.o
 .text          0x00000000        0x0 spi/spi.o
 .data          0x00000000        0x0 spi/spi.o
 .bss           0x00000000        0x0 spi/spi.o
 .text          0x00000000        0x0 tx/nrf_ping_TX.o
 .data          0x00000000        0x0 tx/nrf_ping_TX.o
 .bss           0x00000000        0x0 tx/nrf_ping_TX.o
 .text.setup_tx
                0x00000000       0xea tx/nrf_ping_TX.o
 .text.loop_tx  0x00000000       0x1a tx/nrf_ping_TX.o
 .text.main_tx  0x00000000        0xa tx/nrf_ping_TX.o
 .bss.clck_count
                0x00000000        0x1 tx/nrf_ping_TX.o
 .debug_info    0x00000000      0x367 tx/nrf_ping_TX.o
 .debug_abbrev  0x00000000      0x1dd tx/nrf_ping_TX.o
 .debug_loc     0x00000000      0x141 tx/nrf_ping_TX.o
 .debug_aranges
                0x00000000       0x30 tx/nrf_ping_TX.o
 .debug_ranges  0x00000000       0x50 tx/nrf_ping_TX.o
 .debug_line    0x00000000      0x1e5 tx/nrf_ping_TX.o
 .debug_str     0x00000000      0x266 tx/nrf_ping_TX.o
 .comment       0x00000000       0x31 tx/nrf_ping_TX.o
 .debug_frame   0x00000000       0x78 tx/nrf_ping_TX.o
 .text          0x00000000        0x0 tx/tx.o
 .data          0x00000000        0x0 tx/tx.o
 .bss           0x00000000        0x0 tx/tx.o
 .text.send_counter
                0x00000000       0x26 tx/tx.o
 .debug_info    0x00000000       0xf9 tx/tx.o
 .debug_abbrev  0x00000000       0xbf tx/tx.o
 .debug_loc     0x00000000       0x75 tx/tx.o
 .debug_aranges
                0x00000000       0x20 tx/tx.o
 .debug_ranges  0x00000000       0x10 tx/tx.o
 .debug_line    0x00000000       0xcc tx/tx.o
 .debug_str     0x00000000      0x16f tx/tx.o
 .comment       0x00000000       0x31 tx/tx.o
 .debug_frame   0x00000000       0x34 tx/tx.o
 .text          0x00000000        0x0 c:/program files (x86)/atmel/atmel toolchain/avr8 gcc/native/3.4.1061/avr8-gnu-toolchain/bin/../lib/gcc/avr/4.8.1/avr5\libgcc.a(_exit.o)
 .data          0x00000000        0x0 c:/program files (x86)/atmel/atmel toolchain/avr8 gcc/native/3.4.1061/avr8-gnu-toolchain/bin/../lib/gcc/avr/4.8.1/avr5\libgcc.a(_exit.o)
 .bss           0x00000000        0x0 c:/program files (x86)/atmel/atmel toolchain/avr8 gcc/native/3.4.1061/avr8-gnu-toolchain/bin/../lib/gcc/avr/4.8.1/avr5\libgcc.a(_exit.o)
 .text.libgcc.mul
                0x00000000        0x0 c:/program files (x86)/atmel/atmel toolchain/avr8 gcc/native/3.4.1061/avr8-gnu-toolchain/bin/../lib/gcc/avr/4.8.1/avr5\libgcc.a(_exit.o)
 .text.libgcc.div
                0x00000000        0x0 c:/program files (x86)/atmel/atmel toolchain/avr8 gcc/native/3.4.1061/avr8-gnu-toolchain/bin/../lib/gcc/avr/4.8.1/avr5\libgcc.a(_exit.o)
 .text.libgcc   0x00000000        0x0 c:/program files (x86)/atmel/atmel toolchain/avr8 gcc/native/3.4.1061/avr8-gnu-toolchain/bin/../lib/gcc/avr/4.8.1/avr5\libgcc.a(_exit.o)
 .text.libgcc.prologue
                0x00000000        0x0 c:/program files (x86)/atmel/atmel toolchain/avr8 gcc/native/3.4.1061/avr8-gnu-toolchain/bin/../lib/gcc/avr/4.8.1/avr5\libgcc.a(_exit.o)
 .text.libgcc.builtins
                0x00000000        0x0 c:/program files (x86)/atmel/atmel toolchain/avr8 gcc/native/3.4.1061/avr8-gnu-toolchain/bin/../lib/gcc/avr/4.8.1/avr5\libgcc.a(_exit.o)
 .text.libgcc.fmul
                0x00000000        0x0 c:/program files (x86)/atmel/atmel toolchain/avr8 gcc/native/3.4.1061/avr8-gnu-toolchain/bin/../lib/gcc/avr/4.8.1/avr5\libgcc.a(_exit.o)
 .text.libgcc.fixed
                0x00000000        0x0 c:/program files (x86)/atmel/atmel toolchain/avr8 gcc/native/3.4.1061/avr8-gnu-toolchain/bin/../lib/gcc/avr/4.8.1/avr5\libgcc.a(_exit.o)
 .text          0x00000000        0x0 c:/program files (x86)/atmel/atmel toolchain/avr8 gcc/native/3.4.1061/avr8-gnu-toolchain/bin/../lib/gcc/avr/4.8.1/avr5\libgcc.a(_copy_data.o)
 .data          0x00000000        0x0 c:/program files (x86)/atmel/atmel toolchain/avr8 gcc/native/3.4.1061/avr8-gnu-toolchain/bin/../lib/gcc/avr/4.8.1/avr5\libgcc.a(_copy_data.o)
 .bss           0x00000000        0x0 c:/program files (x86)/atmel/atmel toolchain/avr8 gcc/native/3.4.1061/avr8-gnu-toolchain/bin/../lib/gcc/avr/4.8.1/avr5\libgcc.a(_copy_data.o)
 .text.libgcc.mul
                0x00000000        0x0 c:/program files (x86)/atmel/atmel toolchain/avr8 gcc/native/3.4.1061/avr8-gnu-toolchain/bin/../lib/gcc/avr/4.8.1/avr5\libgcc.a(_copy_data.o)
 .text.libgcc.div
                0x00000000        0x0 c:/program files (x86)/atmel/atmel toolchain/avr8 gcc/native/3.4.1061/avr8-gnu-toolchain/bin/../lib/gcc/avr/4.8.1/avr5\libgcc.a(_copy_data.o)
 .text.libgcc   0x00000000        0x0 c:/program files (x86)/atmel/atmel toolchain/avr8 gcc/native/3.4.1061/avr8-gnu-toolchain/bin/../lib/gcc/avr/4.8.1/avr5\libgcc.a(_copy_data.o)
 .text.libgcc.prologue
                0x00000000        0x0 c:/program files (x86)/atmel/atmel toolchain/avr8 gcc/native/3.4.1061/avr8-gnu-toolchain/bin/../lib/gcc/avr/4.8.1/avr5\libgcc.a(_copy_data.o)
 .text.libgcc.builtins
                0x00000000        0x0 c:/program files (x86)/atmel/atmel toolchain/avr8 gcc/native/3.4.1061/avr8-gnu-toolchain/bin/../lib/gcc/avr/4.8.1/avr5\libgcc.a(_copy_data.o)
 .text.libgcc.fmul
                0x00000000        0x0 c:/program files (x86)/atmel/atmel toolchain/avr8 gcc/native/3.4.1061/avr8-gnu-toolchain/bin/../lib/gcc/avr/4.8.1/avr5\libgcc.a(_copy_data.o)
 .text.libgcc.fixed
                0x00000000        0x0 c:/program files (x86)/atmel/atmel toolchain/avr8 gcc/native/3.4.1061/avr8-gnu-toolchain/bin/../lib/gcc/avr/4.8.1/avr5\libgcc.a(_copy_data.o)
 .text          0x00000000        0x0 c:/program files (x86)/atmel/atmel toolchain/avr8 gcc/native/3.4.1061/avr8-gnu-toolchain/bin/../lib/gcc/avr/4.8.1/avr5\libgcc.a(_clear_bss.o)
 .data          0x00000000        0x0 c:/program files (x86)/atmel/atmel toolchain/avr8 gcc/native/3.4.1061/avr8-gnu-toolchain/bin/../lib/gcc/avr/4.8.1/avr5\libgcc.a(_clear_bss.o)
 .bss           0x00000000        0x0 c:/program files (x86)/atmel/atmel toolchain/avr8 gcc/native/3.4.1061/avr8-gnu-toolchain/bin/../lib/gcc/avr/4.8.1/avr5\libgcc.a(_clear_bss.o)
 .text.libgcc.mul
                0x00000000        0x0 c:/program files (x86)/atmel/atmel toolchain/avr8 gcc/native/3.4.1061/avr8-gnu-toolchain/bin/../lib/gcc/avr/4.8.1/avr5\libgcc.a(_clear_bss.o)
 .text.libgcc.div
                0x00000000        0x0 c:/program files (x86)/atmel/atmel toolchain/avr8 gcc/native/3.4.1061/avr8-gnu-toolchain/bin/../lib/gcc/avr/4.8.1/avr5\libgcc.a(_clear_bss.o)
 .text.libgcc   0x00000000        0x0 c:/program files (x86)/atmel/atmel toolchain/avr8 gcc/native/3.4.1061/avr8-gnu-toolchain/bin/../lib/gcc/avr/4.8.1/avr5\libgcc.a(_clear_bss.o)
 .text.libgcc.prologue
                0x00000000        0x0 c:/program files (x86)/atmel/atmel toolchain/avr8 gcc/native/3.4.1061/avr8-gnu-toolchain/bin/../lib/gcc/avr/4.8.1/avr5\libgcc.a(_clear_bss.o)
 .text.libgcc.builtins
                0x00000000        0x0 c:/program files (x86)/atmel/atmel toolchain/avr8 gcc/native/3.4.1061/avr8-gnu-toolchain/bin/../lib/gcc/avr/4.8.1/avr5\libgcc.a(_clear_bss.o)
 .text.libgcc.fmul
                0x00000000        0x0 c:/program files (x86)/atmel/atmel toolchain/avr8 gcc/native/3.4.1061/avr8-gnu-toolchain/bin/../lib/gcc/avr/4.8.1/avr5\libgcc.a(_clear_bss.o)
 .text.libgcc.fixed
                0x00000000        0x0 c:/program files (x86)/atmel/atmel toolchain/avr8 gcc/native/3.4.1061/avr8-gnu-toolchain/bin/../lib/gcc/avr/4.8.1/avr5\libgcc.a(_clear_bss.o)

Memory Configuration

Name             Origin             Length             Attributes
text             0x00000000         0x00020000         xr
data             0x00800060         0x0000ffa0         rw !x
eeprom           0x00810000         0x00010000         rw !x
fuse             0x00820000         0x00000400         rw !x
lock             0x00830000         0x00000400         rw !x
signature        0x00840000         0x00000400         rw !x
user_signatures  0x00850000         0x00000400         rw !x
*default*        0x00000000         0xffffffff

Linker script and memory map

Address of section .data set to 0x800100
LOAD c:/program files (x86)/atmel/atmel toolchain/avr8 gcc/native/3.4.1061/avr8-gnu-toolchain/bin/../lib/gcc/avr/4.8.1/../../../../avr/lib/avr5/crtm328p.o
LOAD led_screen/led_screen.o
LOAD main.o
LOAD misc/misc.o
LOAD nrf/nrf.o
LOAD nrf/nrf_operations.o
LOAD rx/nrf_ping_RX.o
LOAD spi/spi.o
LOAD tx/nrf_ping_TX.o
LOAD tx/tx.o
START GROUP
LOAD c:/program files (x86)/atmel/atmel toolchain/avr8 gcc/native/3.4.1061/avr8-gnu-toolchain/bin/../lib/gcc/avr/4.8.1/../../../../avr/lib/avr5\libm.a
END GROUP
START GROUP
LOAD c:/program files (x86)/atmel/atmel toolchain/avr8 gcc/native/3.4.1061/avr8-gnu-toolchain/bin/../lib/gcc/avr/4.8.1/avr5\libgcc.a
LOAD c:/program files (x86)/atmel/atmel toolchain/avr8 gcc/native/3.4.1061/avr8-gnu-toolchain/bin/../lib/gcc/avr/4.8.1/../../../../avr/lib/avr5\libm.a
LOAD c:/program files (x86)/atmel/atmel toolchain/avr8 gcc/native/3.4.1061/avr8-gnu-toolchain/bin/../lib/gcc/avr/4.8.1/../../../../avr/lib/avr5\libc.a
END GROUP

.hash
 *(.hash)

.dynsym
 *(.dynsym)

.dynstr
 *(.dynstr)

.gnu.version
 *(.gnu.version)

.gnu.version_d
 *(.gnu.version_d)

.gnu.version_r
 *(.gnu.version_r)

.rel.init
 *(.rel.init)

.rela.init
 *(.rela.init)

.rel.text
 *(.rel.text)
 *(.rel.text.*)
 *(.rel.gnu.linkonce.t*)

.rela.text
 *(.rela.text)
 *(.rela.text.*)
 *(.rela.gnu.linkonce.t*)

.rel.fini
 *(.rel.fini)

.rela.fini
 *(.rela.fini)

.rel.rodata
 *(.rel.rodata)
 *(.rel.rodata.*)
 *(.rel.gnu.linkonce.r*)

.rela.rodata
 *(.rela.rodata)
 *(.rela.rodata.*)
 *(.rela.gnu.linkonce.r*)

.rel.data
 *(.rel.data)
 *(.rel.data.*)
 *(.rel.gnu.linkonce.d*)

.rela.data
 *(.rela.data)
 *(.rela.data.*)
 *(.rela.gnu.linkonce.d*)

.rel.ctors
 *(.rel.ctors)

.rela.ctors
 *(.rela.ctors)

.rel.dtors
 *(.rel.dtors)

.rela.dtors
 *(.rela.dtors)

.rel.got
 *(.rel.got)

.rela.got
 *(.rela.got)

.rel.bss
 *(.rel.bss)

.rela.bss
 *(.rela.bss)

.rel.plt
 *(.rel.plt)

.rela.plt
 *(.rela.plt)

.text           0x00000000      0x646
 *(.vectors)
 .vectors       0x00000000       0x68 c:/program files (x86)/atmel/atmel toolchain/avr8 gcc/native/3.4.1061/avr8-gnu-toolchain/bin/../lib/gcc/avr/4.8.1/../../../../avr/lib/avr5/crtm328p.o
                0x00000000                __vector_default
                0x00000000                __vectors
 *(.vectors)
 *(.progmem.gcc*)
                0x00000068                . = ALIGN (0x2)
                0x00000068                __trampolines_start = .
 *(.trampolines)
 .trampolines   0x00000068        0x0 linker stubs
 *(.trampolines*)
                0x00000068                __trampolines_end = .
 *(.progmem*)
                0x00000068                . = ALIGN (0x2)
 *(.jumptables)
 *(.jumptables*)
 *(.lowtext)
 *(.lowtext*)
                0x00000068                __ctors_start = .
 *(.ctors)
                0x00000068                __ctors_end = .
                0x00000068                __dtors_start = .
 *(.dtors)
                0x00000068                __dtors_end = .
 SORT(*)(.ctors)
 SORT(*)(.dtors)
 *(.init0)
 .init0         0x00000068        0x0 c:/program files (x86)/atmel/atmel toolchain/avr8 gcc/native/3.4.1061/avr8-gnu-toolchain/bin/../lib/gcc/avr/4.8.1/../../../../avr/lib/avr5/crtm328p.o
                0x00000068                __init
 *(.init0)
 *(.init1)
 *(.init1)
 *(.init2)
 .init2         0x00000068        0xc c:/program files (x86)/atmel/atmel toolchain/avr8 gcc/native/3.4.1061/avr8-gnu-toolchain/bin/../lib/gcc/avr/4.8.1/../../../../avr/lib/avr5/crtm328p.o
 *(.init2)
 *(.init3)
 *(.init3)
 *(.init4)
 .init4         0x00000074       0x16 c:/program files (x86)/atmel/atmel toolchain/avr8 gcc/native/3.4.1061/avr8-gnu-toolchain/bin/../lib/gcc/avr/4.8.1/avr5\libgcc.a(_copy_data.o)
                0x00000074                __do_copy_data
 .init4         0x0000008a       0x10 c:/program files (x86)/atmel/atmel toolchain/avr8 gcc/native/3.4.1061/avr8-gnu-toolchain/bin/../lib/gcc/avr/4.8.1/avr5\libgcc.a(_clear_bss.o)
                0x0000008a                __do_clear_bss
 *(.init4)
 *(.init5)
 *(.init5)
 *(.init6)
 *(.init6)
 *(.init7)
 *(.init7)
 *(.init8)
 *(.init8)
 *(.init9)
 .init9         0x0000009a        0x8 c:/program files (x86)/atmel/atmel toolchain/avr8 gcc/native/3.4.1061/avr8-gnu-toolchain/bin/../lib/gcc/avr/4.8.1/../../../../avr/lib/avr5/crtm328p.o
 *(.init9)
 *(.text)
 .text          0x000000a2        0x4 c:/program files (x86)/atmel/atmel toolchain/avr8 gcc/native/3.4.1061/avr8-gnu-toolchain/bin/../lib/gcc/avr/4.8.1/../../../../avr/lib/avr5/crtm328p.o
                0x000000a2                __vector_22
                0x000000a2                __vector_1
                0x000000a2                __vector_24
                0x000000a2                __vector_12
                0x000000a2                __bad_interrupt
                0x000000a2                __vector_6
                0x000000a2                __vector_3
                0x000000a2                __vector_23
                0x000000a2                __vector_25
                0x000000a2                __vector_11
                0x000000a2                __vector_13
                0x000000a2                __vector_17
                0x000000a2                __vector_19
                0x000000a2                __vector_7
                0x000000a2                __vector_5
                0x000000a2                __vector_4
                0x000000a2                __vector_9
                0x000000a2                __vector_2
                0x000000a2                __vector_21
                0x000000a2                __vector_15
                0x000000a2                __vector_8
                0x000000a2                __vector_14
                0x000000a2                __vector_10
                0x000000a2                __vector_16
                0x000000a2                __vector_18
                0x000000a2                __vector_20
                0x000000a6                . = ALIGN (0x2)
 *(.text.*)
 .text.poweroff_led
                0x000000a6       0x18 led_screen/led_screen.o
                0x000000a6                poweroff_led
 .text.led_screen_init
                0x000000be       0x10 led_screen/led_screen.o
                0x000000be                led_screen_init
 .text.write_to_led_hex
                0x000000ce       0xba led_screen/led_screen.o
                0x000000ce                write_to_led_hex
 .text.devide_4_digits
                0x00000188       0x6a led_screen/led_screen.o
                0x00000188                devide_4_digits
 .text.write_to_led
                0x000001f2       0x70 led_screen/led_screen.o
                0x000001f2                write_to_led
 .text.main     0x00000262        0x6 main.o
                0x00000262                main
 .text.init_button
                0x00000268        0xe misc/misc.o
                0x00000268                init_button
 .text.nrf_init
                0x00000276       0x10 nrf/nrf.o
                0x00000276                nrf_init
 .text.nrf_data_ready
                0x00000286       0x1a nrf/nrf.o
                0x00000286                nrf_data_ready
 .text.nrf_read_register
                0x000002a0       0x62 nrf/nrf.o
                0x000002a0                nrf_read_register
 .text.nrf_write_register
                0x00000302       0x26 nrf/nrf.o
                0x00000302                nrf_write_register
 .text.nrf_write_register_1
                0x00000328       0x20 nrf/nrf.o
                0x00000328                nrf_write_register_1
 .text.nrf_flush
                0x00000348       0x1e nrf/nrf.o
                0x00000348                nrf_flush
 .text.nrf_get_raw
                0x00000366       0x28 nrf/nrf.o
                0x00000366                nrf_get_raw
 .text.nrf24l01_readregister
                0x0000038e       0x12 nrf/nrf.o
                0x0000038e                nrf24l01_readregister
 .text.nrf_config
                0x000003a0       0xa0 nrf/nrf.o
                0x000003a0                nrf_config
 .text.nrf_get  0x00000440       0x6c nrf/nrf_operations.o
                0x00000440                nrf_get
 .text.setup_rx
                0x000004ac       0xee rx/nrf_ping_RX.o
                0x000004ac                setup_rx
 .text.loop_rx  0x0000059a       0x32 rx/nrf_ping_RX.o
                0x0000059a                loop_rx
 .text.main_rx  0x000005cc        0xa rx/nrf_ping_RX.o
                0x000005cc                main_rx
 .text.spi_init
                0x000005d6       0x1c spi/spi.o
                0x000005d6                spi_init
 .text.spi_transfer_sync
                0x000005f2       0x26 spi/spi.o
                0x000005f2                spi_transfer_sync
 .text.spi_transmit_sync
                0x00000618       0x1e spi/spi.o
                0x00000618                spi_transmit_sync
 .text.spi_fast_shift
                0x00000636        0xc spi/spi.o
                0x00000636                spi_fast_shift
                0x00000642                . = ALIGN (0x2)
 *(.fini9)
 .fini9         0x00000642        0x0 c:/program files (x86)/atmel/atmel toolchain/avr8 gcc/native/3.4.1061/avr8-gnu-toolchain/bin/../lib/gcc/avr/4.8.1/avr5\libgcc.a(_exit.o)
                0x00000642                _exit
                0x00000642                exit
 *(.fini9)
 *(.fini8)
 *(.fini8)
 *(.fini7)
 *(.fini7)
 *(.fini6)
 *(.fini6)
 *(.fini5)
 *(.fini5)
 *(.fini4)
 *(.fini4)
 *(.fini3)
 *(.fini3)
 *(.fini2)
 *(.fini2)
 *(.fini1)
 *(.fini1)
 *(.fini0)
 .fini0         0x00000642        0x4 c:/program files (x86)/atmel/atmel toolchain/avr8 gcc/native/3.4.1061/avr8-gnu-toolchain/bin/../lib/gcc/avr/4.8.1/avr5\libgcc.a(_exit.o)
 *(.fini0)
                0x00000646                _etext = .

.data           0x00800100       0x1a load address 0x00000646
                0x00800100                PROVIDE (__data_start, .)
 *(.data)
 *(.data*)
 .data.digits   0x00800100       0x10 led_screen/led_screen.o
                0x00800100                digits
 .data.TX_PIPE  0x00800110        0x5 nrf/nrf.o
                0x00800110                TX_PIPE
 .data.RX_PIPE  0x00800115        0x5 nrf/nrf.o
                0x00800115                RX_PIPE
 *(.rodata)
 *(.rodata*)
 *(.gnu.linkonce.d*)
                0x0080011a                . = ALIGN (0x2)
                0x0080011a                _edata = .
                0x0080011a                PROVIDE (__data_end, .)

.bss            0x0080011a        0x9
                0x0080011a                PROVIDE (__bss_start, .)
 *(.bss)
 *(.bss*)
 *(COMMON)
 COMMON         0x0080011a        0x4 misc/misc.o
                0x0080011a                leg
                0x0080011b                btn_prssed
                0x0080011c                btn_last
                0x0080011d                pin
 COMMON         0x0080011e        0x1 nrf/nrf.o
                0x0080011e                PTX
 COMMON         0x0080011f        0x4 rx/nrf_ping_RX.o
                0x0080011f                data
                0x00800121                count
                0x00800123                PROVIDE (__bss_end, .)
                0x00000646                __data_load_start = LOADADDR (.data)
                0x00000660                __data_load_end = (__data_load_start + SIZEOF (.data))

.noinit         0x00800123        0x0
                0x00800123                PROVIDE (__noinit_start, .)
 *(.noinit*)
                0x00800123                PROVIDE (__noinit_end, .)
                0x00800123                _end = .
                0x00800123                PROVIDE (__heap_start, .)

.eeprom         0x00810000        0x0
 *(.eeprom*)
                0x00810000                __eeprom_end = .

.fuse
 *(.fuse)
 *(.lfuse)
 *(.hfuse)
 *(.efuse)

.lock
 *(.lock*)

.signature
 *(.signature*)

.user_signatures
 *(.user_signatures*)

.stab
 *(.stab)

.stabstr
 *(.stabstr)

.stab.excl
 *(.stab.excl)

.stab.exclstr
 *(.stab.exclstr)

.stab.index
 *(.stab.index)

.stab.indexstr
 *(.stab.indexstr)

.comment        0x00000000       0x30
 *(.comment)
 .comment       0x00000000       0x30 led_screen/led_screen.o
                                 0x31 (size before relaxing)
 .comment       0x00000000       0x31 main.o
 .comment       0x00000000       0x31 misc/misc.o
 .comment       0x00000000       0x31 nrf/nrf.o
 .comment       0x00000000       0x31 nrf/nrf_operations.o
 .comment       0x00000000       0x31 rx/nrf_ping_RX.o
 .comment       0x00000000       0x31 spi/spi.o

.note.gnu.build-id
 *(.note.gnu.build-id)

.debug
 *(.debug)

.line
 *(.line)

.debug_srcinfo
 *(.debug_srcinfo)

.debug_sfnames
 *(.debug_sfnames)

.debug_aranges  0x00000000      0x198
 *(.debug_aranges)
 .debug_aranges
                0x00000000       0x40 led_screen/led_screen.o
 .debug_aranges
                0x00000040       0x20 main.o
 .debug_aranges
                0x00000060       0x28 misc/misc.o
 .debug_aranges
                0x00000088       0x80 nrf/nrf.o
 .debug_aranges
                0x00000108       0x28 nrf/nrf_operations.o
 .debug_aranges
                0x00000130       0x30 rx/nrf_ping_RX.o
 .debug_aranges
                0x00000160       0x38 spi/spi.o

.debug_pubnames
 *(.debug_pubnames)

.debug_info     0x00000000     0x16b1
 *(.debug_info .gnu.linkonce.wi.*)
 .debug_info    0x00000000      0x347 led_screen/led_screen.o
 .debug_info    0x00000347       0x67 main.o
 .debug_info    0x000003ae       0xe3 misc/misc.o
 .debug_info    0x00000491      0xa3b nrf/nrf.o
 .debug_info    0x00000ecc      0x2d3 nrf/nrf_operations.o
 .debug_info    0x0000119f      0x3b2 rx/nrf_ping_RX.o
 .debug_info    0x00001551      0x160 spi/spi.o

.debug_abbrev   0x00000000      0x8ff
 *(.debug_abbrev)
 .debug_abbrev  0x00000000      0x180 led_screen/led_screen.o
 .debug_abbrev  0x00000180       0x5b main.o
 .debug_abbrev  0x000001db       0x89 misc/misc.o
 .debug_abbrev  0x00000264      0x254 nrf/nrf.o
 .debug_abbrev  0x000004b8      0x1ac nrf/nrf_operations.o
 .debug_abbrev  0x00000664      0x1ca rx/nrf_ping_RX.o
 .debug_abbrev  0x0000082e       0xd1 spi/spi.o

.debug_line     0x00000000      0xa45
 *(.debug_line .debug_line.* .debug_line_end)
 .debug_line    0x00000000      0x20d led_screen/led_screen.o
 .debug_line    0x0000020d       0x52 main.o
 .debug_line    0x0000025f       0xd6 misc/misc.o
 .debug_line    0x00000335      0x2b3 nrf/nrf.o
 .debug_line    0x000005e8      0x164 nrf/nrf_operations.o
 .debug_line    0x0000074c      0x203 rx/nrf_ping_RX.o
 .debug_line    0x0000094f       0xf6 spi/spi.o

.debug_frame    0x00000000      0x36c
 *(.debug_frame)
 .debug_frame   0x00000000       0xb0 led_screen/led_screen.o
 .debug_frame   0x000000b0       0x24 main.o
 .debug_frame   0x000000d4       0x34 misc/misc.o
 .debug_frame   0x00000108      0x134 nrf/nrf.o
 .debug_frame   0x0000023c       0x64 nrf/nrf_operations.o
 .debug_frame   0x000002a0       0x78 rx/nrf_ping_RX.o
 .debug_frame   0x00000318       0x54 spi/spi.o

.debug_str      0x00000000      0x41b
 *(.debug_str)
 .debug_str     0x00000000      0x1e0 led_screen/led_screen.o
                                0x21b (size before relaxing)
 .debug_str     0x000001e0       0x19 main.o
                                 0xdf (size before relaxing)
 .debug_str     0x000001f9       0x42 misc/misc.o
                                0x177 (size before relaxing)
 .debug_str     0x0000023b      0x14d nrf/nrf.o
                                0x2d6 (size before relaxing)
 .debug_str     0x00000388       0x35 nrf/nrf_operations.o
                                0x1eb (size before relaxing)
 .debug_str     0x000003bd       0x42 rx/nrf_ping_RX.o
                                0x25b (size before relaxing)
 .debug_str     0x000003ff       0x1c spi/spi.o
                                0x192 (size before relaxing)

.debug_loc      0x00000000      0xd05
 *(.debug_loc)
 .debug_loc     0x00000000      0x3bf led_screen/led_screen.o
 .debug_loc     0x000003bf      0x401 nrf/nrf.o
 .debug_loc     0x000007c0      0x309 nrf/nrf_operations.o
 .debug_loc     0x00000ac9      0x141 rx/nrf_ping_RX.o
 .debug_loc     0x00000c0a       0xfb spi/spi.o

.debug_macinfo
 *(.debug_macinfo)

.debug_weaknames
 *(.debug_weaknames)

.debug_funcnames
 *(.debug_funcnames)

.debug_typenames
 *(.debug_typenames)

.debug_varnames
 *(.debug_varnames)

.debug_pubtypes
 *(.debug_pubtypes)

.debug_ranges   0x00000000      0x170
 *(.debug_ranges)
 .debug_ranges  0x00000000       0x30 led_screen/led_screen.o
 .debug_ranges  0x00000030       0x10 main.o
 .debug_ranges  0x00000040       0x18 misc/misc.o
 .debug_ranges  0x00000058       0x70 nrf/nrf.o
 .debug_ranges  0x000000c8       0x30 nrf/nrf_operations.o
 .debug_ranges  0x000000f8       0x50 rx/nrf_ping_RX.o
 .debug_ranges  0x00000148       0x28 spi/spi.o

.debug_macro
 *(.debug_macro)
OUTPUT(nrf_ping.elf elf32-avr)
LOAD linker stubs
