Archive member included because of file (symbol)

c:/program files (x86)/atmel/atmel toolchain/avr8 gcc/native/3.4.1061/avr8-gnu-toolchain/bin/../lib/gcc/avr/4.8.1/avr5\libgcc.a(_exit.o)
                              c:/program files (x86)/atmel/atmel toolchain/avr8 gcc/native/3.4.1061/avr8-gnu-toolchain/bin/../lib/gcc/avr/4.8.1/../../../../avr/lib/avr5/crtm328p.o (exit)
c:/program files (x86)/atmel/atmel toolchain/avr8 gcc/native/3.4.1061/avr8-gnu-toolchain/bin/../lib/gcc/avr/4.8.1/avr5\libgcc.a(_copy_data.o)
                              led_screen/led_screen.o (__do_copy_data)
c:/program files (x86)/atmel/atmel toolchain/avr8 gcc/native/3.4.1061/avr8-gnu-toolchain/bin/../lib/gcc/avr/4.8.1/avr5\libgcc.a(_clear_bss.o)
                              misc/misc.o (__do_clear_bss)

Allocating common symbols
Common symbol       size              file

leg                 0x1               misc/misc.o
timer0_limit        0x2               rx/nrf_ping_RX.o
PTX                 0x1               nrf/nrf.o
btn_prssed          0x1               misc/misc.o
timer0_counter      0x2               rx/nrf_ping_RX.o
data                0x2               rx/nrf_ping_RX.o
count               0x2               rx/nrf_ping_RX.o
btn_last            0x1               misc/misc.o
pin                 0x1               misc/misc.o

Discarded input sections

 .data          0x00000000        0x0 c:/program files (x86)/atmel/atmel toolchain/avr8 gcc/native/3.4.1061/avr8-gnu-toolchain/bin/../lib/gcc/avr/4.8.1/../../../../avr/lib/avr5/crtm328p.o
 .bss           0x00000000        0x0 c:/program files (x86)/atmel/atmel toolchain/avr8 gcc/native/3.4.1061/avr8-gnu-toolchain/bin/../lib/gcc/avr/4.8.1/../../../../avr/lib/avr5/crtm328p.o
 .text          0x00000000        0x0 led_screen/led_screen.o
 .data          0x00000000        0x0 led_screen/led_screen.o
 .bss           0x00000000        0x0 led_screen/led_screen.o
 .data.led_pn   0x00000000        0x4 led_screen/led_screen.o
 .text          0x00000000        0x0 main.o
 .data          0x00000000        0x0 main.o
 .bss           0x00000000        0x0 main.o
 .text          0x00000000        0x0 misc/misc.o
 .data          0x00000000        0x0 misc/misc.o
 .bss           0x00000000        0x0 misc/misc.o
 .text.init_button
                0x00000000        0xe misc/misc.o
 .text.check_button_click
                0x00000000       0x46 misc/misc.o
 .debug_info    0x00000000       0xe3 misc/misc.o
 .debug_abbrev  0x00000000       0x89 misc/misc.o
 .debug_aranges
                0x00000000       0x28 misc/misc.o
 .debug_ranges  0x00000000       0x18 misc/misc.o
 .debug_line    0x00000000       0xd6 misc/misc.o
 .debug_str     0x00000000      0x177 misc/misc.o
 .comment       0x00000000       0x31 misc/misc.o
 .debug_frame   0x00000000       0x34 misc/misc.o
 COMMON         0x00000000        0x4 misc/misc.o
 .text          0x00000000        0x0 nrf/nrf.o
 .data          0x00000000        0x0 nrf/nrf.o
 .bss           0x00000000        0x0 nrf/nrf.o
 .text.nrf_read_register
                0x00000000       0x62 nrf/nrf.o
 .text.nrf_set_RADDR
                0x00000000       0x10 nrf/nrf.o
 .text.nrf_set_TADDR
                0x00000000        0xc nrf/nrf.o
 .text.nrf_config_register
                0x00000000        0xc nrf/nrf.o
 .text          0x00000000        0x0 nrf/nrf_operations.o
 .data          0x00000000        0x0 nrf/nrf_operations.o
 .bss           0x00000000        0x0 nrf/nrf_operations.o
 .text          0x00000000        0x0 rx/nrf_ping_RX.o
 .data          0x00000000        0x0 rx/nrf_ping_RX.o
 .bss           0x00000000        0x0 rx/nrf_ping_RX.o
 .text          0x00000000        0x0 spi/spi.o
 .data          0x00000000        0x0 spi/spi.o
 .bss           0x00000000        0x0 spi/spi.o
 .text          0x00000000        0x0 tx/nrf_ping_TX.o
 .data          0x00000000        0x0 tx/nrf_ping_TX.o
 .bss           0x00000000        0x0 tx/nrf_ping_TX.o
 .text.setup_tx
                0x00000000       0x3c tx/nrf_ping_TX.o
 .text.main_tx  0x00000000        0xa tx/nrf_ping_TX.o
 .text          0x00000000        0x0 c:/program files (x86)/atmel/atmel toolchain/avr8 gcc/native/3.4.1061/avr8-gnu-toolchain/bin/../lib/gcc/avr/4.8.1/avr5\libgcc.a(_exit.o)
 .data          0x00000000        0x0 c:/program files (x86)/atmel/atmel toolchain/avr8 gcc/native/3.4.1061/avr8-gnu-toolchain/bin/../lib/gcc/avr/4.8.1/avr5\libgcc.a(_exit.o)
 .bss           0x00000000        0x0 c:/program files (x86)/atmel/atmel toolchain/avr8 gcc/native/3.4.1061/avr8-gnu-toolchain/bin/../lib/gcc/avr/4.8.1/avr5\libgcc.a(_exit.o)
 .text.libgcc.mul
                0x00000000        0x0 c:/program files (x86)/atmel/atmel toolchain/avr8 gcc/native/3.4.1061/avr8-gnu-toolchain/bin/../lib/gcc/avr/4.8.1/avr5\libgcc.a(_exit.o)
 .text.libgcc.div
                0x00000000        0x0 c:/program files (x86)/atmel/atmel toolchain/avr8 gcc/native/3.4.1061/avr8-gnu-toolchain/bin/../lib/gcc/avr/4.8.1/avr5\libgcc.a(_exit.o)
 .text.libgcc   0x00000000        0x0 c:/program files (x86)/atmel/atmel toolchain/avr8 gcc/native/3.4.1061/avr8-gnu-toolchain/bin/../lib/gcc/avr/4.8.1/avr5\libgcc.a(_exit.o)
 .text.libgcc.prologue
                0x00000000        0x0 c:/program files (x86)/atmel/atmel toolchain/avr8 gcc/native/3.4.1061/avr8-gnu-toolchain/bin/../lib/gcc/avr/4.8.1/avr5\libgcc.a(_exit.o)
 .text.libgcc.builtins
                0x00000000        0x0 c:/program files (x86)/atmel/atmel toolchain/avr8 gcc/native/3.4.1061/avr8-gnu-toolchain/bin/../lib/gcc/avr/4.8.1/avr5\libgcc.a(_exit.o)
 .text.libgcc.fmul
                0x00000000        0x0 c:/program files (x86)/atmel/atmel toolchain/avr8 gcc/native/3.4.1061/avr8-gnu-toolchain/bin/../lib/gcc/avr/4.8.1/avr5\libgcc.a(_exit.o)
 .text.libgcc.fixed
                0x00000000        0x0 c:/program files (x86)/atmel/atmel toolchain/avr8 gcc/native/3.4.1061/avr8-gnu-toolchain/bin/../lib/gcc/avr/4.8.1/avr5\libgcc.a(_exit.o)
 .text          0x00000000        0x0 c:/program files (x86)/atmel/atmel toolchain/avr8 gcc/native/3.4.1061/avr8-gnu-toolchain/bin/../lib/gcc/avr/4.8.1/avr5\libgcc.a(_copy_data.o)
 .data          0x00000000        0x0 c:/program files (x86)/atmel/atmel toolchain/avr8 gcc/native/3.4.1061/avr8-gnu-toolchain/bin/../lib/gcc/avr/4.8.1/avr5\libgcc.a(_copy_data.o)
 .bss           0x00000000        0x0 c:/program files (x86)/atmel/atmel toolchain/avr8 gcc/native/3.4.1061/avr8-gnu-toolchain/bin/../lib/gcc/avr/4.8.1/avr5\libgcc.a(_copy_data.o)
 .text.libgcc.mul
                0x00000000        0x0 c:/program files (x86)/atmel/atmel toolchain/avr8 gcc/native/3.4.1061/avr8-gnu-toolchain/bin/../lib/gcc/avr/4.8.1/avr5\libgcc.a(_copy_data.o)
 .text.libgcc.div
                0x00000000        0x0 c:/program files (x86)/atmel/atmel toolchain/avr8 gcc/native/3.4.1061/avr8-gnu-toolchain/bin/../lib/gcc/avr/4.8.1/avr5\libgcc.a(_copy_data.o)
 .text.libgcc   0x00000000        0x0 c:/program files (x86)/atmel/atmel toolchain/avr8 gcc/native/3.4.1061/avr8-gnu-toolchain/bin/../lib/gcc/avr/4.8.1/avr5\libgcc.a(_copy_data.o)
 .text.libgcc.prologue
                0x00000000        0x0 c:/program files (x86)/atmel/atmel toolchain/avr8 gcc/native/3.4.1061/avr8-gnu-toolchain/bin/../lib/gcc/avr/4.8.1/avr5\libgcc.a(_copy_data.o)
 .text.libgcc.builtins
                0x00000000        0x0 c:/program files (x86)/atmel/atmel toolchain/avr8 gcc/native/3.4.1061/avr8-gnu-toolchain/bin/../lib/gcc/avr/4.8.1/avr5\libgcc.a(_copy_data.o)
 .text.libgcc.fmul
                0x00000000        0x0 c:/program files (x86)/atmel/atmel toolchain/avr8 gcc/native/3.4.1061/avr8-gnu-toolchain/bin/../lib/gcc/avr/4.8.1/avr5\libgcc.a(_copy_data.o)
 .text.libgcc.fixed
                0x00000000        0x0 c:/program files (x86)/atmel/atmel toolchain/avr8 gcc/native/3.4.1061/avr8-gnu-toolchain/bin/../lib/gcc/avr/4.8.1/avr5\libgcc.a(_copy_data.o)
 .text          0x00000000        0x0 c:/program files (x86)/atmel/atmel toolchain/avr8 gcc/native/3.4.1061/avr8-gnu-toolchain/bin/../lib/gcc/avr/4.8.1/avr5\libgcc.a(_clear_bss.o)
 .data          0x00000000        0x0 c:/program files (x86)/atmel/atmel toolchain/avr8 gcc/native/3.4.1061/avr8-gnu-toolchain/bin/../lib/gcc/avr/4.8.1/avr5\libgcc.a(_clear_bss.o)
 .bss           0x00000000        0x0 c:/program files (x86)/atmel/atmel toolchain/avr8 gcc/native/3.4.1061/avr8-gnu-toolchain/bin/../lib/gcc/avr/4.8.1/avr5\libgcc.a(_clear_bss.o)
 .text.libgcc.mul
                0x00000000        0x0 c:/program files (x86)/atmel/atmel toolchain/avr8 gcc/native/3.4.1061/avr8-gnu-toolchain/bin/../lib/gcc/avr/4.8.1/avr5\libgcc.a(_clear_bss.o)
 .text.libgcc.div
                0x00000000        0x0 c:/program files (x86)/atmel/atmel toolchain/avr8 gcc/native/3.4.1061/avr8-gnu-toolchain/bin/../lib/gcc/avr/4.8.1/avr5\libgcc.a(_clear_bss.o)
 .text.libgcc   0x00000000        0x0 c:/program files (x86)/atmel/atmel toolchain/avr8 gcc/native/3.4.1061/avr8-gnu-toolchain/bin/../lib/gcc/avr/4.8.1/avr5\libgcc.a(_clear_bss.o)
 .text.libgcc.prologue
                0x00000000        0x0 c:/program files (x86)/atmel/atmel toolchain/avr8 gcc/native/3.4.1061/avr8-gnu-toolchain/bin/../lib/gcc/avr/4.8.1/avr5\libgcc.a(_clear_bss.o)
 .text.libgcc.builtins
                0x00000000        0x0 c:/program files (x86)/atmel/atmel toolchain/avr8 gcc/native/3.4.1061/avr8-gnu-toolchain/bin/../lib/gcc/avr/4.8.1/avr5\libgcc.a(_clear_bss.o)
 .text.libgcc.fmul
                0x00000000        0x0 c:/program files (x86)/atmel/atmel toolchain/avr8 gcc/native/3.4.1061/avr8-gnu-toolchain/bin/../lib/gcc/avr/4.8.1/avr5\libgcc.a(_clear_bss.o)
 .text.libgcc.fixed
                0x00000000        0x0 c:/program files (x86)/atmel/atmel toolchain/avr8 gcc/native/3.4.1061/avr8-gnu-toolchain/bin/../lib/gcc/avr/4.8.1/avr5\libgcc.a(_clear_bss.o)

Memory Configuration

Name             Origin             Length             Attributes
text             0x00000000         0x00020000         xr
data             0x00800060         0x0000ffa0         rw !x
eeprom           0x00810000         0x00010000         rw !x
fuse             0x00820000         0x00000400         rw !x
lock             0x00830000         0x00000400         rw !x
signature        0x00840000         0x00000400         rw !x
user_signatures  0x00850000         0x00000400         rw !x
*default*        0x00000000         0xffffffff

Linker script and memory map

Address of section .data set to 0x800100
LOAD c:/program files (x86)/atmel/atmel toolchain/avr8 gcc/native/3.4.1061/avr8-gnu-toolchain/bin/../lib/gcc/avr/4.8.1/../../../../avr/lib/avr5/crtm328p.o
LOAD led_screen/led_screen.o
LOAD main.o
LOAD misc/misc.o
LOAD nrf/nrf.o
LOAD nrf/nrf_operations.o
LOAD rx/nrf_ping_RX.o
LOAD spi/spi.o
LOAD tx/nrf_ping_TX.o
START GROUP
LOAD c:/program files (x86)/atmel/atmel toolchain/avr8 gcc/native/3.4.1061/avr8-gnu-toolchain/bin/../lib/gcc/avr/4.8.1/../../../../avr/lib/avr5\libm.a
END GROUP
START GROUP
LOAD c:/program files (x86)/atmel/atmel toolchain/avr8 gcc/native/3.4.1061/avr8-gnu-toolchain/bin/../lib/gcc/avr/4.8.1/avr5\libgcc.a
LOAD c:/program files (x86)/atmel/atmel toolchain/avr8 gcc/native/3.4.1061/avr8-gnu-toolchain/bin/../lib/gcc/avr/4.8.1/../../../../avr/lib/avr5\libm.a
LOAD c:/program files (x86)/atmel/atmel toolchain/avr8 gcc/native/3.4.1061/avr8-gnu-toolchain/bin/../lib/gcc/avr/4.8.1/../../../../avr/lib/avr5\libc.a
END GROUP

.hash
 *(.hash)

.dynsym
 *(.dynsym)

.dynstr
 *(.dynstr)

.gnu.version
 *(.gnu.version)

.gnu.version_d
 *(.gnu.version_d)

.gnu.version_r
 *(.gnu.version_r)

.rel.init
 *(.rel.init)

.rela.init
 *(.rela.init)

.rel.text
 *(.rel.text)
 *(.rel.text.*)
 *(.rel.gnu.linkonce.t*)

.rela.text
 *(.rela.text)
 *(.rela.text.*)
 *(.rela.gnu.linkonce.t*)

.rel.fini
 *(.rel.fini)

.rela.fini
 *(.rela.fini)

.rel.rodata
 *(.rel.rodata)
 *(.rel.rodata.*)
 *(.rel.gnu.linkonce.r*)

.rela.rodata
 *(.rela.rodata)
 *(.rela.rodata.*)
 *(.rela.gnu.linkonce.r*)

.rel.data
 *(.rel.data)
 *(.rel.data.*)
 *(.rel.gnu.linkonce.d*)

.rela.data
 *(.rela.data)
 *(.rela.data.*)
 *(.rela.gnu.linkonce.d*)

.rel.ctors
 *(.rel.ctors)

.rela.ctors
 *(.rela.ctors)

.rel.dtors
 *(.rel.dtors)

.rela.dtors
 *(.rela.dtors)

.rel.got
 *(.rel.got)

.rela.got
 *(.rela.got)

.rel.bss
 *(.rel.bss)

.rela.bss
 *(.rela.bss)

.rel.plt
 *(.rel.plt)

.rela.plt
 *(.rela.plt)

.text           0x00000000      0xa0a
 *(.vectors)
 .vectors       0x00000000       0x68 c:/program files (x86)/atmel/atmel toolchain/avr8 gcc/native/3.4.1061/avr8-gnu-toolchain/bin/../lib/gcc/avr/4.8.1/../../../../avr/lib/avr5/crtm328p.o
                0x00000000                __vector_default
                0x00000000                __vectors
 *(.vectors)
 *(.progmem.gcc*)
                0x00000068                . = ALIGN (0x2)
                0x00000068                __trampolines_start = .
 *(.trampolines)
 .trampolines   0x00000068        0x0 linker stubs
 *(.trampolines*)
                0x00000068                __trampolines_end = .
 *(.progmem*)
                0x00000068                . = ALIGN (0x2)
 *(.jumptables)
 *(.jumptables*)
 *(.lowtext)
 *(.lowtext*)
                0x00000068                __ctors_start = .
 *(.ctors)
                0x00000068                __ctors_end = .
                0x00000068                __dtors_start = .
 *(.dtors)
                0x00000068                __dtors_end = .
 SORT(*)(.ctors)
 SORT(*)(.dtors)
 *(.init0)
 .init0         0x00000068        0x0 c:/program files (x86)/atmel/atmel toolchain/avr8 gcc/native/3.4.1061/avr8-gnu-toolchain/bin/../lib/gcc/avr/4.8.1/../../../../avr/lib/avr5/crtm328p.o
                0x00000068                __init
 *(.init0)
 *(.init1)
 *(.init1)
 *(.init2)
 .init2         0x00000068        0xc c:/program files (x86)/atmel/atmel toolchain/avr8 gcc/native/3.4.1061/avr8-gnu-toolchain/bin/../lib/gcc/avr/4.8.1/../../../../avr/lib/avr5/crtm328p.o
 *(.init2)
 *(.init3)
 *(.init3)
 *(.init4)
 .init4         0x00000074       0x16 c:/program files (x86)/atmel/atmel toolchain/avr8 gcc/native/3.4.1061/avr8-gnu-toolchain/bin/../lib/gcc/avr/4.8.1/avr5\libgcc.a(_copy_data.o)
                0x00000074                __do_copy_data
 .init4         0x0000008a       0x10 c:/program files (x86)/atmel/atmel toolchain/avr8 gcc/native/3.4.1061/avr8-gnu-toolchain/bin/../lib/gcc/avr/4.8.1/avr5\libgcc.a(_clear_bss.o)
                0x0000008a                __do_clear_bss
 *(.init4)
 *(.init5)
 *(.init5)
 *(.init6)
 *(.init6)
 *(.init7)
 *(.init7)
 *(.init8)
 *(.init8)
 *(.init9)
 .init9         0x0000009a        0x8 c:/program files (x86)/atmel/atmel toolchain/avr8 gcc/native/3.4.1061/avr8-gnu-toolchain/bin/../lib/gcc/avr/4.8.1/../../../../avr/lib/avr5/crtm328p.o
 *(.init9)
 *(.text)
 .text          0x000000a2        0x4 c:/program files (x86)/atmel/atmel toolchain/avr8 gcc/native/3.4.1061/avr8-gnu-toolchain/bin/../lib/gcc/avr/4.8.1/../../../../avr/lib/avr5/crtm328p.o
                0x000000a2                __vector_22
                0x000000a2                __vector_24
                0x000000a2                __vector_12
                0x000000a2                __bad_interrupt
                0x000000a2                __vector_3
                0x000000a2                __vector_23
                0x000000a2                __vector_25
                0x000000a2                __vector_11
                0x000000a2                __vector_13
                0x000000a2                __vector_17
                0x000000a2                __vector_19
                0x000000a2                __vector_7
                0x000000a2                __vector_5
                0x000000a2                __vector_4
                0x000000a2                __vector_9
                0x000000a2                __vector_2
                0x000000a2                __vector_21
                0x000000a2                __vector_15
                0x000000a2                __vector_8
                0x000000a2                __vector_10
                0x000000a2                __vector_16
                0x000000a2                __vector_18
                0x000000a2                __vector_20
                0x000000a6                . = ALIGN (0x2)
 *(.text.*)
 .text.poweroff_led
                0x000000a6       0x16 led_screen/led_screen.o
                0x000000a6                poweroff_led
 .text.led_screen_init
                0x000000bc       0x10 led_screen/led_screen.o
                0x000000bc                led_screen_init
 .text.write_to_led_hex
                0x000000cc       0xba led_screen/led_screen.o
                0x000000cc                write_to_led_hex
 .text.devide_4_digits
                0x00000186       0x6a led_screen/led_screen.o
                0x00000186                devide_4_digits
 .text.write_to_led
                0x000001f0       0x70 led_screen/led_screen.o
                0x000001f0                write_to_led
 .text.main     0x00000260        0x6 main.o
                0x00000260                main
 .text.nrf_init
                0x00000266       0x10 nrf/nrf.o
                0x00000266                nrf_init
 .text.nrf_data_ready
                0x00000276       0x1a nrf/nrf.o
                0x00000276                nrf_data_ready
 .text.nrf_write_register
                0x00000290       0x26 nrf/nrf.o
                0x00000290                nrf_write_register
 .text.nrf_write_register_1
                0x000002b6       0x20 nrf/nrf.o
                0x000002b6                nrf_write_register_1
 .text.nrf_flush
                0x000002d6       0x1e nrf/nrf.o
                0x000002d6                nrf_flush
 .text.nrf_get_raw
                0x000002f4       0x28 nrf/nrf.o
                0x000002f4                nrf_get_raw
 .text.nrf24l01_readregister
                0x0000031c       0x12 nrf/nrf.o
                0x0000031c                nrf24l01_readregister
 .text.nrf_config
                0x0000032e       0xa0 nrf/nrf.o
                0x0000032e                nrf_config
 .text.nrf_send_raw
                0x000003ce       0xa0 nrf/nrf.o
                0x000003ce                nrf_send_raw
 .text.nrf_powerdown
                0x0000046e       0x14 nrf/nrf.o
                0x0000046e                nrf_powerdown
 .text.nrf_listen
                0x00000482       0x26 nrf/nrf.o
                0x00000482                nrf_listen
 .text.build_xor
                0x000004a8       0x10 nrf/nrf_operations.o
                0x000004a8                build_xor
 .text.build_nrf_payload
                0x000004b8       0x2c nrf/nrf_operations.o
                0x000004b8                build_nrf_payload
 .text.nrf_send_ack
                0x000004e4       0x58 nrf/nrf_operations.o
                0x000004e4                nrf_send_ack
 .text.nrf_get  0x0000053c       0x8c nrf/nrf_operations.o
                0x0000053c                nrf_get
 .text.nrf_is_working
                0x000005c8        0x6 nrf/nrf_operations.o
                0x000005c8                nrf_is_working
 .text.nrf_get_ack
                0x000005ce       0x6a nrf/nrf_operations.o
                0x000005ce                nrf_get_ack
 .text.nrf_send
                0x00000638       0xca nrf/nrf_operations.o
                0x00000638                nrf_send
 .text.wdt_start
                0x00000702       0x12 rx/nrf_ping_RX.o
                0x00000702                wdt_start
 .text.timer0_init
                0x00000714       0x30 rx/nrf_ping_RX.o
                0x00000714                timer0_init
 .text.timer0_stop
                0x00000744        0xa rx/nrf_ping_RX.o
                0x00000744                timer0_stop
 .text.goto_sleep
                0x0000074e       0x1a rx/nrf_ping_RX.o
                0x0000074e                goto_sleep
 .text.setup_rx
                0x00000768       0x42 rx/nrf_ping_RX.o
                0x00000768                setup_rx
 .text.__vector_14
                0x000007aa       0x7c rx/nrf_ping_RX.o
                0x000007aa                __vector_14
 .text.handle_got_data
                0x00000826       0x2e rx/nrf_ping_RX.o
                0x00000826                handle_got_data
 .text.__vector_6
                0x00000854       0x52 rx/nrf_ping_RX.o
                0x00000854                __vector_6
 .text.main_rx  0x000008a6        0x6 rx/nrf_ping_RX.o
                0x000008a6                main_rx
 .text.spi_init
                0x000008ac       0x1c spi/spi.o
                0x000008ac                spi_init
 .text.spi_transfer_sync
                0x000008c8       0x26 spi/spi.o
                0x000008c8                spi_transfer_sync
 .text.spi_transmit_sync
                0x000008ee       0x1e spi/spi.o
                0x000008ee                spi_transmit_sync
 .text.spi_fast_shift
                0x0000090c        0xc spi/spi.o
                0x0000090c                spi_fast_shift
 .text.send_counter
                0x00000918       0x30 tx/nrf_ping_TX.o
                0x00000918                send_counter
 .text.power_down
                0x00000948       0x1c tx/nrf_ping_TX.o
                0x00000948                power_down
 .text.__vector_1
                0x00000964       0xa2 tx/nrf_ping_TX.o
                0x00000964                __vector_1
                0x00000a06                . = ALIGN (0x2)
 *(.fini9)
 .fini9         0x00000a06        0x0 c:/program files (x86)/atmel/atmel toolchain/avr8 gcc/native/3.4.1061/avr8-gnu-toolchain/bin/../lib/gcc/avr/4.8.1/avr5\libgcc.a(_exit.o)
                0x00000a06                _exit
                0x00000a06                exit
 *(.fini9)
 *(.fini8)
 *(.fini8)
 *(.fini7)
 *(.fini7)
 *(.fini6)
 *(.fini6)
 *(.fini5)
 *(.fini5)
 *(.fini4)
 *(.fini4)
 *(.fini3)
 *(.fini3)
 *(.fini2)
 *(.fini2)
 *(.fini1)
 *(.fini1)
 *(.fini0)
 .fini0         0x00000a06        0x4 c:/program files (x86)/atmel/atmel toolchain/avr8 gcc/native/3.4.1061/avr8-gnu-toolchain/bin/../lib/gcc/avr/4.8.1/avr5\libgcc.a(_exit.o)
 *(.fini0)
                0x00000a0a                _etext = .

.data           0x00800100       0x1c load address 0x00000a0a
                0x00800100                PROVIDE (__data_start, .)
 *(.data)
 *(.data*)
 .data.digits   0x00800100       0x10 led_screen/led_screen.o
                0x00800100                digits
 .data.TX_PIPE  0x00800110        0x5 nrf/nrf.o
                0x00800110                TX_PIPE
 .data.RX_PIPE  0x00800115        0x5 nrf/nrf.o
                0x00800115                RX_PIPE
 .data.MY_ACK   0x0080011a        0x1 nrf/nrf_operations.o
                0x0080011a                MY_ACK
 *(.rodata)
 *(.rodata*)
 *(.gnu.linkonce.d*)
                0x0080011c                . = ALIGN (0x2)
 *fill*         0x0080011b        0x1 
                0x0080011c                _edata = .
                0x0080011c                PROVIDE (__data_end, .)

.bss            0x0080011c        0xc
                0x0080011c                PROVIDE (__bss_start, .)
 *(.bss)
 *(.bss*)
 .bss.working   0x0080011c        0x1 nrf/nrf_operations.o
                0x0080011c                working
 .bss.tx_seq    0x0080011d        0x1 nrf/nrf_operations.o
                0x0080011d                tx_seq
 .bss.clck_count
                0x0080011e        0x1 tx/nrf_ping_TX.o
                0x0080011e                clck_count
 *(COMMON)
 COMMON         0x0080011f        0x1 nrf/nrf.o
                0x0080011f                PTX
 COMMON         0x00800120        0x8 rx/nrf_ping_RX.o
                0x00800120                timer0_limit
                0x00800122                timer0_counter
                0x00800124                data
                0x00800126                count
                0x00800128                PROVIDE (__bss_end, .)
                0x00000a0a                __data_load_start = LOADADDR (.data)
                0x00000a26                __data_load_end = (__data_load_start + SIZEOF (.data))

.noinit         0x00800128        0x0
                0x00800128                PROVIDE (__noinit_start, .)
 *(.noinit*)
                0x00800128                PROVIDE (__noinit_end, .)
                0x00800128                _end = .
                0x00800128                PROVIDE (__heap_start, .)

.eeprom         0x00810000        0x0
 *(.eeprom*)
                0x00810000                __eeprom_end = .

.fuse
 *(.fuse)
 *(.lfuse)
 *(.hfuse)
 *(.efuse)

.lock
 *(.lock*)

.signature
 *(.signature*)

.user_signatures
 *(.user_signatures*)

.stab
 *(.stab)

.stabstr
 *(.stabstr)

.stab.excl
 *(.stab.excl)

.stab.exclstr
 *(.stab.exclstr)

.stab.index
 *(.stab.index)

.stab.indexstr
 *(.stab.indexstr)

.comment        0x00000000       0x30
 *(.comment)
 .comment       0x00000000       0x30 led_screen/led_screen.o
                                 0x31 (size before relaxing)
 .comment       0x00000000       0x31 main.o
 .comment       0x00000000       0x31 nrf/nrf.o
 .comment       0x00000000       0x31 nrf/nrf_operations.o
 .comment       0x00000000       0x31 rx/nrf_ping_RX.o
 .comment       0x00000000       0x31 spi/spi.o
 .comment       0x00000000       0x31 tx/nrf_ping_TX.o

.note.gnu.build-id
 *(.note.gnu.build-id)

.debug
 *(.debug)

.line
 *(.line)

.debug_srcinfo
 *(.debug_srcinfo)

.debug_sfnames
 *(.debug_sfnames)

.debug_aranges  0x00000000      0x218
 *(.debug_aranges)
 .debug_aranges
                0x00000000       0x40 led_screen/led_screen.o
 .debug_aranges
                0x00000040       0x20 main.o
 .debug_aranges
                0x00000060       0x90 nrf/nrf.o
 .debug_aranges
                0x000000f0       0x50 nrf/nrf_operations.o
 .debug_aranges
                0x00000140       0x60 rx/nrf_ping_RX.o
 .debug_aranges
                0x000001a0       0x38 spi/spi.o
 .debug_aranges
                0x000001d8       0x40 tx/nrf_ping_TX.o

.debug_pubnames
 *(.debug_pubnames)

.debug_info     0x00000000     0x1f31
 *(.debug_info .gnu.linkonce.wi.*)
 .debug_info    0x00000000      0x347 led_screen/led_screen.o
 .debug_info    0x00000347       0x98 main.o
 .debug_info    0x000003df      0xa9d nrf/nrf.o
 .debug_info    0x00000e7c      0x713 nrf/nrf_operations.o
 .debug_info    0x0000158f      0x4c5 rx/nrf_ping_RX.o
 .debug_info    0x00001a54      0x160 spi/spi.o
 .debug_info    0x00001bb4      0x37d tx/nrf_ping_TX.o

.debug_abbrev   0x00000000      0xb41
 *(.debug_abbrev)
 .debug_abbrev  0x00000000      0x180 led_screen/led_screen.o
 .debug_abbrev  0x00000180       0x66 main.o
 .debug_abbrev  0x000001e6      0x24b nrf/nrf.o
 .debug_abbrev  0x00000431      0x226 nrf/nrf_operations.o
 .debug_abbrev  0x00000657      0x219 rx/nrf_ping_RX.o
 .debug_abbrev  0x00000870       0xd1 spi/spi.o
 .debug_abbrev  0x00000941      0x200 tx/nrf_ping_TX.o

.debug_line     0x00000000      0xc93
 *(.debug_line .debug_line.* .debug_line_end)
 .debug_line    0x00000000      0x20d led_screen/led_screen.o
 .debug_line    0x0000020d       0x52 main.o
 .debug_line    0x0000025f      0x2d3 nrf/nrf.o
 .debug_line    0x00000532      0x22f nrf/nrf_operations.o
 .debug_line    0x00000761      0x25b rx/nrf_ping_RX.o
 .debug_line    0x000009bc       0xf6 spi/spi.o
 .debug_line    0x00000ab2      0x1e1 tx/nrf_ping_TX.o

.debug_frame    0x00000000      0x560
 *(.debug_frame)
 .debug_frame   0x00000000       0xb0 led_screen/led_screen.o
 .debug_frame   0x000000b0       0x24 main.o
 .debug_frame   0x000000d4      0x154 nrf/nrf.o
 .debug_frame   0x00000228      0x130 nrf/nrf_operations.o
 .debug_frame   0x00000358       0xf8 rx/nrf_ping_RX.o
 .debug_frame   0x00000450       0x54 spi/spi.o
 .debug_frame   0x000004a4       0xbc tx/nrf_ping_TX.o

.debug_str      0x00000000      0x519
 *(.debug_str)
 .debug_str     0x00000000      0x1e0 led_screen/led_screen.o
                                0x21b (size before relaxing)
 .debug_str     0x000001e0       0x19 main.o
                                0x146 (size before relaxing)
 .debug_str     0x000001f9      0x161 nrf/nrf.o
                                0x2e0 (size before relaxing)
 .debug_str     0x0000035a       0xc3 nrf/nrf_operations.o
                                0x2aa (size before relaxing)
 .debug_str     0x0000041d       0x8d rx/nrf_ping_RX.o
                                0x2af (size before relaxing)
 .debug_str     0x000004aa       0x1c spi/spi.o
                                0x192 (size before relaxing)
 .debug_str     0x000004c6       0x53 tx/nrf_ping_TX.o
                                0x20c (size before relaxing)

.debug_loc      0x00000000     0x145b
 *(.debug_loc)
 .debug_loc     0x00000000      0x3bf led_screen/led_screen.o
 .debug_loc     0x000003bf      0x401 nrf/nrf.o
 .debug_loc     0x000007c0      0x7ab nrf/nrf_operations.o
 .debug_loc     0x00000f6b      0x175 rx/nrf_ping_RX.o
 .debug_loc     0x000010e0       0xfb spi/spi.o
 .debug_loc     0x000011db      0x280 tx/nrf_ping_TX.o

.debug_macinfo
 *(.debug_macinfo)

.debug_weaknames
 *(.debug_weaknames)

.debug_funcnames
 *(.debug_funcnames)

.debug_typenames
 *(.debug_typenames)

.debug_varnames
 *(.debug_varnames)

.debug_pubtypes
 *(.debug_pubtypes)

.debug_ranges   0x00000000      0x1d8
 *(.debug_ranges)
 .debug_ranges  0x00000000       0x30 led_screen/led_screen.o
 .debug_ranges  0x00000030       0x10 main.o
 .debug_ranges  0x00000040       0x80 nrf/nrf.o
 .debug_ranges  0x000000c0       0x70 nrf/nrf_operations.o
 .debug_ranges  0x00000130       0x50 rx/nrf_ping_RX.o
 .debug_ranges  0x00000180       0x28 spi/spi.o
 .debug_ranges  0x000001a8       0x30 tx/nrf_ping_TX.o

.debug_macro
 *(.debug_macro)
OUTPUT(nrf_ping.elf elf32-avr)
LOAD linker stubs
