Archive member included because of file (symbol)

c:/program files (x86)/atmel/atmel toolchain/avr8 gcc/native/3.4.1061/avr8-gnu-toolchain/bin/../lib/gcc/avr/4.8.1/avr5\libgcc.a(_exit.o)
                              c:/program files (x86)/atmel/atmel toolchain/avr8 gcc/native/3.4.1061/avr8-gnu-toolchain/bin/../lib/gcc/avr/4.8.1/../../../../avr/lib/avr5/crtm328p.o (exit)
c:/program files (x86)/atmel/atmel toolchain/avr8 gcc/native/3.4.1061/avr8-gnu-toolchain/bin/../lib/gcc/avr/4.8.1/avr5\libgcc.a(_copy_data.o)
                              nrf24l01/nrf24l01.o (__do_copy_data)

Discarded input sections

 .data          0x00000000        0x0 c:/program files (x86)/atmel/atmel toolchain/avr8 gcc/native/3.4.1061/avr8-gnu-toolchain/bin/../lib/gcc/avr/4.8.1/../../../../avr/lib/avr5/crtm328p.o
 .bss           0x00000000        0x0 c:/program files (x86)/atmel/atmel toolchain/avr8 gcc/native/3.4.1061/avr8-gnu-toolchain/bin/../lib/gcc/avr/4.8.1/../../../../avr/lib/avr5/crtm328p.o
 .text          0x00000000        0x0 nrf24l01/nrf24l01.o
 .data          0x00000000        0x0 nrf24l01/nrf24l01.o
 .bss           0x00000000        0x0 nrf24l01/nrf24l01.o
 .text._Z22nrf24l01_readregistershPhh
                0x00000000       0x3e nrf24l01/nrf24l01.o
 .text._Z18nrf24l01_getstatusv
                0x00000000        0xc nrf24l01/nrf24l01.o
 .text._Z18nrf24l01_readreadyPh
                0x00000000       0x26 nrf24l01/nrf24l01.o
 .text._Z13nrf24l01_readPh
                0x00000000       0x4c nrf24l01/nrf24l01.o
 .text          0x00000000        0x0 nrf_test_lib.o
 .data          0x00000000        0x0 nrf_test_lib.o
 .bss           0x00000000        0x0 nrf_test_lib.o
 .text          0x00000000        0x0 spi/spi.o
 .data          0x00000000        0x0 spi/spi.o
 .bss           0x00000000        0x0 spi/spi.o
 .text          0x00000000        0x0 c:/program files (x86)/atmel/atmel toolchain/avr8 gcc/native/3.4.1061/avr8-gnu-toolchain/bin/../lib/gcc/avr/4.8.1/avr5\libgcc.a(_exit.o)
 .data          0x00000000        0x0 c:/program files (x86)/atmel/atmel toolchain/avr8 gcc/native/3.4.1061/avr8-gnu-toolchain/bin/../lib/gcc/avr/4.8.1/avr5\libgcc.a(_exit.o)
 .bss           0x00000000        0x0 c:/program files (x86)/atmel/atmel toolchain/avr8 gcc/native/3.4.1061/avr8-gnu-toolchain/bin/../lib/gcc/avr/4.8.1/avr5\libgcc.a(_exit.o)
 .text.libgcc.mul
                0x00000000        0x0 c:/program files (x86)/atmel/atmel toolchain/avr8 gcc/native/3.4.1061/avr8-gnu-toolchain/bin/../lib/gcc/avr/4.8.1/avr5\libgcc.a(_exit.o)
 .text.libgcc.div
                0x00000000        0x0 c:/program files (x86)/atmel/atmel toolchain/avr8 gcc/native/3.4.1061/avr8-gnu-toolchain/bin/../lib/gcc/avr/4.8.1/avr5\libgcc.a(_exit.o)
 .text.libgcc   0x00000000        0x0 c:/program files (x86)/atmel/atmel toolchain/avr8 gcc/native/3.4.1061/avr8-gnu-toolchain/bin/../lib/gcc/avr/4.8.1/avr5\libgcc.a(_exit.o)
 .text.libgcc.prologue
                0x00000000        0x0 c:/program files (x86)/atmel/atmel toolchain/avr8 gcc/native/3.4.1061/avr8-gnu-toolchain/bin/../lib/gcc/avr/4.8.1/avr5\libgcc.a(_exit.o)
 .text.libgcc.builtins
                0x00000000        0x0 c:/program files (x86)/atmel/atmel toolchain/avr8 gcc/native/3.4.1061/avr8-gnu-toolchain/bin/../lib/gcc/avr/4.8.1/avr5\libgcc.a(_exit.o)
 .text.libgcc.fmul
                0x00000000        0x0 c:/program files (x86)/atmel/atmel toolchain/avr8 gcc/native/3.4.1061/avr8-gnu-toolchain/bin/../lib/gcc/avr/4.8.1/avr5\libgcc.a(_exit.o)
 .text.libgcc.fixed
                0x00000000        0x0 c:/program files (x86)/atmel/atmel toolchain/avr8 gcc/native/3.4.1061/avr8-gnu-toolchain/bin/../lib/gcc/avr/4.8.1/avr5\libgcc.a(_exit.o)
 .text          0x00000000        0x0 c:/program files (x86)/atmel/atmel toolchain/avr8 gcc/native/3.4.1061/avr8-gnu-toolchain/bin/../lib/gcc/avr/4.8.1/avr5\libgcc.a(_copy_data.o)
 .data          0x00000000        0x0 c:/program files (x86)/atmel/atmel toolchain/avr8 gcc/native/3.4.1061/avr8-gnu-toolchain/bin/../lib/gcc/avr/4.8.1/avr5\libgcc.a(_copy_data.o)
 .bss           0x00000000        0x0 c:/program files (x86)/atmel/atmel toolchain/avr8 gcc/native/3.4.1061/avr8-gnu-toolchain/bin/../lib/gcc/avr/4.8.1/avr5\libgcc.a(_copy_data.o)
 .text.libgcc.mul
                0x00000000        0x0 c:/program files (x86)/atmel/atmel toolchain/avr8 gcc/native/3.4.1061/avr8-gnu-toolchain/bin/../lib/gcc/avr/4.8.1/avr5\libgcc.a(_copy_data.o)
 .text.libgcc.div
                0x00000000        0x0 c:/program files (x86)/atmel/atmel toolchain/avr8 gcc/native/3.4.1061/avr8-gnu-toolchain/bin/../lib/gcc/avr/4.8.1/avr5\libgcc.a(_copy_data.o)
 .text.libgcc   0x00000000        0x0 c:/program files (x86)/atmel/atmel toolchain/avr8 gcc/native/3.4.1061/avr8-gnu-toolchain/bin/../lib/gcc/avr/4.8.1/avr5\libgcc.a(_copy_data.o)
 .text.libgcc.prologue
                0x00000000        0x0 c:/program files (x86)/atmel/atmel toolchain/avr8 gcc/native/3.4.1061/avr8-gnu-toolchain/bin/../lib/gcc/avr/4.8.1/avr5\libgcc.a(_copy_data.o)
 .text.libgcc.builtins
                0x00000000        0x0 c:/program files (x86)/atmel/atmel toolchain/avr8 gcc/native/3.4.1061/avr8-gnu-toolchain/bin/../lib/gcc/avr/4.8.1/avr5\libgcc.a(_copy_data.o)
 .text.libgcc.fmul
                0x00000000        0x0 c:/program files (x86)/atmel/atmel toolchain/avr8 gcc/native/3.4.1061/avr8-gnu-toolchain/bin/../lib/gcc/avr/4.8.1/avr5\libgcc.a(_copy_data.o)
 .text.libgcc.fixed
                0x00000000        0x0 c:/program files (x86)/atmel/atmel toolchain/avr8 gcc/native/3.4.1061/avr8-gnu-toolchain/bin/../lib/gcc/avr/4.8.1/avr5\libgcc.a(_copy_data.o)

Memory Configuration

Name             Origin             Length             Attributes
text             0x00000000         0x00020000         xr
data             0x00800060         0x0000ffa0         rw !x
eeprom           0x00810000         0x00010000         rw !x
fuse             0x00820000         0x00000400         rw !x
lock             0x00830000         0x00000400         rw !x
signature        0x00840000         0x00000400         rw !x
user_signatures  0x00850000         0x00000400         rw !x
*default*        0x00000000         0xffffffff

Linker script and memory map

Address of section .data set to 0x800100
LOAD c:/program files (x86)/atmel/atmel toolchain/avr8 gcc/native/3.4.1061/avr8-gnu-toolchain/bin/../lib/gcc/avr/4.8.1/../../../../avr/lib/avr5/crtm328p.o
LOAD nrf24l01/nrf24l01.o
LOAD nrf_test_lib.o
LOAD spi/spi.o
START GROUP
LOAD c:/program files (x86)/atmel/atmel toolchain/avr8 gcc/native/3.4.1061/avr8-gnu-toolchain/bin/../lib/gcc/avr/4.8.1/../../../../avr/lib/avr5\libm.a
END GROUP
LOAD c:/program files (x86)/atmel/atmel toolchain/avr8 gcc/native/3.4.1061/avr8-gnu-toolchain/bin/../lib/gcc/avr/4.8.1/avr5\libgcc.a
LOAD c:/program files (x86)/atmel/atmel toolchain/avr8 gcc/native/3.4.1061/avr8-gnu-toolchain/bin/../lib/gcc/avr/4.8.1/../../../../avr/lib/avr5\libm.a
START GROUP
LOAD c:/program files (x86)/atmel/atmel toolchain/avr8 gcc/native/3.4.1061/avr8-gnu-toolchain/bin/../lib/gcc/avr/4.8.1/avr5\libgcc.a
LOAD c:/program files (x86)/atmel/atmel toolchain/avr8 gcc/native/3.4.1061/avr8-gnu-toolchain/bin/../lib/gcc/avr/4.8.1/../../../../avr/lib/avr5\libm.a
LOAD c:/program files (x86)/atmel/atmel toolchain/avr8 gcc/native/3.4.1061/avr8-gnu-toolchain/bin/../lib/gcc/avr/4.8.1/../../../../avr/lib/avr5\libc.a
END GROUP

.hash
 *(.hash)

.dynsym
 *(.dynsym)

.dynstr
 *(.dynstr)

.gnu.version
 *(.gnu.version)

.gnu.version_d
 *(.gnu.version_d)

.gnu.version_r
 *(.gnu.version_r)

.rel.init
 *(.rel.init)

.rela.init
 *(.rela.init)

.rel.text
 *(.rel.text)
 *(.rel.text.*)
 *(.rel.gnu.linkonce.t*)

.rela.text
 *(.rela.text)
 *(.rela.text.*)
 *(.rela.gnu.linkonce.t*)

.rel.fini
 *(.rel.fini)

.rela.fini
 *(.rela.fini)

.rel.rodata
 *(.rel.rodata)
 *(.rel.rodata.*)
 *(.rel.gnu.linkonce.r*)

.rela.rodata
 *(.rela.rodata)
 *(.rela.rodata.*)
 *(.rela.gnu.linkonce.r*)

.rel.data
 *(.rel.data)
 *(.rel.data.*)
 *(.rel.gnu.linkonce.d*)

.rela.data
 *(.rela.data)
 *(.rela.data.*)
 *(.rela.gnu.linkonce.d*)

.rel.ctors
 *(.rel.ctors)

.rela.ctors
 *(.rela.ctors)

.rel.dtors
 *(.rel.dtors)

.rela.dtors
 *(.rela.dtors)

.rel.got
 *(.rel.got)

.rela.got
 *(.rela.got)

.rel.bss
 *(.rel.bss)

.rela.bss
 *(.rela.bss)

.rel.plt
 *(.rel.plt)

.rela.plt
 *(.rela.plt)

.text           0x00000000      0x320
 *(.vectors)
 .vectors       0x00000000       0x68 c:/program files (x86)/atmel/atmel toolchain/avr8 gcc/native/3.4.1061/avr8-gnu-toolchain/bin/../lib/gcc/avr/4.8.1/../../../../avr/lib/avr5/crtm328p.o
                0x00000000                __vector_default
                0x00000000                __vectors
 *(.vectors)
 *(.progmem.gcc*)
                0x00000068                . = ALIGN (0x2)
                0x00000068                __trampolines_start = .
 *(.trampolines)
 .trampolines   0x00000068        0x0 linker stubs
 *(.trampolines*)
                0x00000068                __trampolines_end = .
 *(.progmem*)
                0x00000068                . = ALIGN (0x2)
 *(.jumptables)
 *(.jumptables*)
 *(.lowtext)
 *(.lowtext*)
                0x00000068                __ctors_start = .
 *(.ctors)
                0x00000068                __ctors_end = .
                0x00000068                __dtors_start = .
 *(.dtors)
                0x00000068                __dtors_end = .
 SORT(*)(.ctors)
 SORT(*)(.dtors)
 *(.init0)
 .init0         0x00000068        0x0 c:/program files (x86)/atmel/atmel toolchain/avr8 gcc/native/3.4.1061/avr8-gnu-toolchain/bin/../lib/gcc/avr/4.8.1/../../../../avr/lib/avr5/crtm328p.o
                0x00000068                __init
 *(.init0)
 *(.init1)
 *(.init1)
 *(.init2)
 .init2         0x00000068        0xc c:/program files (x86)/atmel/atmel toolchain/avr8 gcc/native/3.4.1061/avr8-gnu-toolchain/bin/../lib/gcc/avr/4.8.1/../../../../avr/lib/avr5/crtm328p.o
 *(.init2)
 *(.init3)
 *(.init3)
 *(.init4)
 .init4         0x00000074       0x16 c:/program files (x86)/atmel/atmel toolchain/avr8 gcc/native/3.4.1061/avr8-gnu-toolchain/bin/../lib/gcc/avr/4.8.1/avr5\libgcc.a(_copy_data.o)
                0x00000074                __do_copy_data
 *(.init4)
 *(.init5)
 *(.init5)
 *(.init6)
 *(.init6)
 *(.init7)
 *(.init7)
 *(.init8)
 *(.init8)
 *(.init9)
 .init9         0x0000008a        0x8 c:/program files (x86)/atmel/atmel toolchain/avr8 gcc/native/3.4.1061/avr8-gnu-toolchain/bin/../lib/gcc/avr/4.8.1/../../../../avr/lib/avr5/crtm328p.o
 *(.init9)
 *(.text)
 .text          0x00000092        0x4 c:/program files (x86)/atmel/atmel toolchain/avr8 gcc/native/3.4.1061/avr8-gnu-toolchain/bin/../lib/gcc/avr/4.8.1/../../../../avr/lib/avr5/crtm328p.o
                0x00000092                __vector_22
                0x00000092                __vector_1
                0x00000092                __vector_24
                0x00000092                __vector_12
                0x00000092                __bad_interrupt
                0x00000092                __vector_6
                0x00000092                __vector_3
                0x00000092                __vector_23
                0x00000092                __vector_25
                0x00000092                __vector_11
                0x00000092                __vector_13
                0x00000092                __vector_17
                0x00000092                __vector_19
                0x00000092                __vector_7
                0x00000092                __vector_5
                0x00000092                __vector_4
                0x00000092                __vector_9
                0x00000092                __vector_2
                0x00000092                __vector_21
                0x00000092                __vector_15
                0x00000092                __vector_8
                0x00000092                __vector_14
                0x00000092                __vector_10
                0x00000092                __vector_16
                0x00000092                __vector_18
                0x00000092                __vector_20
                0x00000096                . = ALIGN (0x2)
 *(.text.*)
 .text._Z21nrf24l01_readregisterh
                0x00000096       0x12 nrf24l01/nrf24l01.o
                0x00000096                _Z21nrf24l01_readregisterh
 .text._Z22nrf24l01_writeregisterhh
                0x000000a8       0x1a nrf24l01/nrf24l01.o
                0x000000a8                _Z22nrf24l01_writeregisterhh
 .text._Z23nrf24l01_writeregistershPhh
                0x000000c2       0x3e nrf24l01/nrf24l01.o
                0x000000c2                _Z23nrf24l01_writeregistershPhh
 .text._Z18nrf24l01_setrxaddrhPh
                0x00000100        0xa nrf24l01/nrf24l01.o
                0x00000100                _Z18nrf24l01_setrxaddrhPh
 .text._Z18nrf24l01_settxaddrPh
                0x0000010a        0xc nrf24l01/nrf24l01.o
                0x0000010a                _Z18nrf24l01_settxaddrPh
 .text._Z20nrf24l01_flushRXfifov
                0x00000116        0xc nrf24l01/nrf24l01.o
                0x00000116                _Z20nrf24l01_flushRXfifov
 .text._Z20nrf24l01_flushTXfifov
                0x00000122        0xc nrf24l01/nrf24l01.o
                0x00000122                _Z20nrf24l01_flushTXfifov
 .text._Z14nrf24l01_setRXv
                0x0000012e       0x44 nrf24l01/nrf24l01.o
                0x0000012e                _Z14nrf24l01_setRXv
 .text._Z14nrf24l01_setTXv
                0x00000172       0x36 nrf24l01/nrf24l01.o
                0x00000172                _Z14nrf24l01_setTXv
 .text._Z14nrf24l01_writePh
                0x000001a8       0x5e nrf24l01/nrf24l01.o
                0x000001a8                _Z14nrf24l01_writePh
 .text._Z19nrf24l01_setpalevelv
                0x00000206       0x12 nrf24l01/nrf24l01.o
                0x00000206                _Z19nrf24l01_setpalevelv
 .text._Z20nrf24l01_setdataratev
                0x00000218       0x12 nrf24l01/nrf24l01.o
                0x00000218                _Z20nrf24l01_setdataratev
 .text._Z21nrf24l01_setcrclengthv
                0x0000022a       0x12 nrf24l01/nrf24l01.o
                0x0000022a                _Z21nrf24l01_setcrclengthv
 .text._Z13nrf24l01_initv
                0x0000023c       0x6c nrf24l01/nrf24l01.o
                0x0000023c                _Z13nrf24l01_initv
 .text.main     0x000002a8       0x54 nrf_test_lib.o
                0x000002a8                main
 .text._Z8spi_initv
                0x000002fc       0x14 spi/spi.o
                0x000002fc                _Z8spi_initv
 .text._Z17spi_writereadbyteh
                0x00000310        0xc spi/spi.o
                0x00000310                _Z17spi_writereadbyteh
                0x0000031c                . = ALIGN (0x2)
 *(.fini9)
 .fini9         0x0000031c        0x0 c:/program files (x86)/atmel/atmel toolchain/avr8 gcc/native/3.4.1061/avr8-gnu-toolchain/bin/../lib/gcc/avr/4.8.1/avr5\libgcc.a(_exit.o)
                0x0000031c                _exit
                0x0000031c                exit
 *(.fini9)
 *(.fini8)
 *(.fini8)
 *(.fini7)
 *(.fini7)
 *(.fini6)
 *(.fini6)
 *(.fini5)
 *(.fini5)
 *(.fini4)
 *(.fini4)
 *(.fini3)
 *(.fini3)
 *(.fini2)
 *(.fini2)
 *(.fini1)
 *(.fini1)
 *(.fini0)
 .fini0         0x0000031c        0x4 c:/program files (x86)/atmel/atmel toolchain/avr8 gcc/native/3.4.1061/avr8-gnu-toolchain/bin/../lib/gcc/avr/4.8.1/avr5\libgcc.a(_exit.o)
 *(.fini0)
                0x00000320                _etext = .

.data           0x00800100        0xa load address 0x00000320
                0x00800100                PROVIDE (__data_start, .)
 *(.data)
 *(.data*)
 .data._ZL15nrf24l01_addrtx
                0x00800100        0x5 nrf24l01/nrf24l01.o
 .data._ZL14nrf24l01_addr0
                0x00800105        0x5 nrf24l01/nrf24l01.o
 *(.rodata)
 *(.rodata*)
 *(.gnu.linkonce.d*)
                0x0080010a                . = ALIGN (0x2)
                0x0080010a                _edata = .
                0x0080010a                PROVIDE (__data_end, .)

.bss            0x0080010a        0x0
                0x0080010a                PROVIDE (__bss_start, .)
 *(.bss)
 *(.bss*)
 *(COMMON)
                0x0080010a                PROVIDE (__bss_end, .)
                0x00000320                __data_load_start = LOADADDR (.data)
                0x0000032a                __data_load_end = (__data_load_start + SIZEOF (.data))

.noinit         0x0080010a        0x0
                0x0080010a                PROVIDE (__noinit_start, .)
 *(.noinit*)
                0x0080010a                PROVIDE (__noinit_end, .)
                0x0080010a                _end = .
                0x0080010a                PROVIDE (__heap_start, .)

.eeprom         0x00810000        0x0
 *(.eeprom*)
                0x00810000                __eeprom_end = .

.fuse
 *(.fuse)
 *(.lfuse)
 *(.hfuse)
 *(.efuse)

.lock
 *(.lock*)

.signature
 *(.signature*)

.user_signatures
 *(.user_signatures*)

.stab
 *(.stab)

.stabstr
 *(.stabstr)

.stab.excl
 *(.stab.excl)

.stab.exclstr
 *(.stab.exclstr)

.stab.index
 *(.stab.index)

.stab.indexstr
 *(.stab.indexstr)

.comment        0x00000000       0x30
 *(.comment)
 .comment       0x00000000       0x30 nrf24l01/nrf24l01.o
                                 0x31 (size before relaxing)
 .comment       0x00000000       0x31 nrf_test_lib.o
 .comment       0x00000000       0x31 spi/spi.o

.note.gnu.build-id
 *(.note.gnu.build-id)

.debug
 *(.debug)

.line
 *(.line)

.debug_srcinfo
 *(.debug_srcinfo)

.debug_sfnames
 *(.debug_sfnames)

.debug_aranges  0x00000000       0xf0
 *(.debug_aranges)
 .debug_aranges
                0x00000000       0xa8 nrf24l01/nrf24l01.o
 .debug_aranges
                0x000000a8       0x20 nrf_test_lib.o
 .debug_aranges
                0x000000c8       0x28 spi/spi.o

.debug_pubnames
 *(.debug_pubnames)

.debug_info     0x00000000      0xd70
 *(.debug_info .gnu.linkonce.wi.*)
 .debug_info    0x00000000      0xab8 nrf24l01/nrf24l01.o
 .debug_info    0x00000ab8      0x205 nrf_test_lib.o
 .debug_info    0x00000cbd       0xb3 spi/spi.o

.debug_abbrev   0x00000000      0x3e5
 *(.debug_abbrev)
 .debug_abbrev  0x00000000      0x204 nrf24l01/nrf24l01.o
 .debug_abbrev  0x00000204      0x165 nrf_test_lib.o
 .debug_abbrev  0x00000369       0x7c spi/spi.o

.debug_line     0x00000000      0x525
 *(.debug_line .debug_line.* .debug_line_end)
 .debug_line    0x00000000      0x300 nrf24l01/nrf24l01.o
 .debug_line    0x00000300      0x15e nrf_test_lib.o
 .debug_line    0x0000045e       0xc7 spi/spi.o

.debug_frame    0x00000000      0x210
 *(.debug_frame)
 .debug_frame   0x00000000      0x1a8 nrf24l01/nrf24l01.o
 .debug_frame   0x000001a8       0x34 nrf_test_lib.o
 .debug_frame   0x000001dc       0x34 spi/spi.o

.debug_str      0x00000000      0x57d
 *(.debug_str)
 .debug_str     0x00000000      0x549 nrf24l01/nrf24l01.o
                                0x589 (size before relaxing)
 .debug_str     0x00000549       0x25 nrf_test_lib.o
                                0x222 (size before relaxing)
 .debug_str     0x0000056e        0xf spi/spi.o
                                0x1b7 (size before relaxing)

.debug_loc      0x00000000      0x5fc
 *(.debug_loc)
 .debug_loc     0x00000000      0x51b nrf24l01/nrf24l01.o
 .debug_loc     0x0000051b       0xc2 nrf_test_lib.o
 .debug_loc     0x000005dd       0x1f spi/spi.o

.debug_macinfo
 *(.debug_macinfo)

.debug_weaknames
 *(.debug_weaknames)

.debug_funcnames
 *(.debug_funcnames)

.debug_typenames
 *(.debug_typenames)

.debug_varnames
 *(.debug_varnames)

.debug_pubtypes
 *(.debug_pubtypes)

.debug_ranges   0x00000000       0xc0
 *(.debug_ranges)
 .debug_ranges  0x00000000       0x98 nrf24l01/nrf24l01.o
 .debug_ranges  0x00000098       0x10 nrf_test_lib.o
 .debug_ranges  0x000000a8       0x18 spi/spi.o

.debug_macro
 *(.debug_macro)
OUTPUT(nrf_test_lib.elf elf32-avr)
LOAD linker stubs
